4000
lhs: [attr_1: 3.0{100}] 4000
lhs: [attr_1: 2.0{100}, attr_1: 3.0{100}] 4000
lhs: [attr_1: 2.0{200}, attr_1: 3.0{100}] 4000
lhs: [attr_1: 2.0{300}, attr_1: 3.0{100}] 4000
lhs: [attr_1: 4.0{100}, attr_1: 2.0{300}, attr_1: 3.0{100}] 4000
lhs: [attr_1: 4.0{200}, attr_1: 2.0{300}, attr_1: 3.0{100}] 4000
lhs: [attr_1: 4.0{300}, attr_1: 2.0{300}, attr_1: 3.0{100}] 4000
lhs: [attr_1: 4.0{400}, attr_1: 2.0{300}, attr_1: 3.0{100}] 4000
lhs: [attr_1: 4.0{500}, attr_1: 2.0{300}, attr_1: 3.0{100}] 4000
lhs: [attr_1: 4.0{600}, attr_1: 2.0{300}, attr_1: 3.0{100}] 4000
lhs: [attr_1: 3.0{100}, attr_1: 4.0{600}, attr_1: 2.0{300}, attr_1: 3.0{100}] 4000
lhs: [attr_1: 3.0{200}, attr_1: 4.0{600}, attr_1: 2.0{300}, attr_1: 3.0{100}] 4000
lhs: [attr_1: 3.0{300}, attr_1: 4.0{600}, attr_1: 2.0{300}, attr_1: 3.0{100}] 4000
all possible predictions are:
4000
4000
4000
4100
lhs: [attr_1: 3.0{100}] 4100
lhs: [attr_1: 3.0{200}] 4100
lhs: [attr_1: 2.0{100}, attr_1: 3.0{200}] 4100
lhs: [attr_1: 2.0{200}, attr_1: 3.0{200}] 4100
lhs: [attr_1: 2.0{300}, attr_1: 3.0{200}] 4100
lhs: [attr_1: 4.0{100}, attr_1: 2.0{300}, attr_1: 3.0{200}] 4100
lhs: [attr_1: 4.0{200}, attr_1: 2.0{300}, attr_1: 3.0{200}] 4100
lhs: [attr_1: 4.0{300}, attr_1: 2.0{300}, attr_1: 3.0{200}] 4100
lhs: [attr_1: 4.0{400}, attr_1: 2.0{300}, attr_1: 3.0{200}] 4100
lhs: [attr_1: 4.0{500}, attr_1: 2.0{300}, attr_1: 3.0{200}] 4100
lhs: [attr_1: 4.0{600}, attr_1: 2.0{300}, attr_1: 3.0{200}] 4100
lhs: [attr_1: 3.0{100}, attr_1: 4.0{600}, attr_1: 2.0{300}, attr_1: 3.0{200}] 4100
lhs: [attr_1: 3.0{200}, attr_1: 4.0{600}, attr_1: 2.0{300}, attr_1: 3.0{200}] 4100
lhs: [attr_1: 3.0{300}, attr_1: 4.0{600}, attr_1: 2.0{300}, attr_1: 3.0{200}] 4100
all possible predictions are:
4100
4100
4100
4200
lhs: [attr_1: 3.0{100}] 4200
lhs: [attr_1: 3.0{200}] 4200
lhs: [attr_1: 3.0{300}] 4200
lhs: [attr_1: 2.0{100}, attr_1: 3.0{300}] 4200
lhs: [attr_1: 2.0{200}, attr_1: 3.0{300}] 4200
lhs: [attr_1: 2.0{300}, attr_1: 3.0{300}] 4200
lhs: [attr_1: 4.0{100}, attr_1: 2.0{300}, attr_1: 3.0{300}] 4200
lhs: [attr_1: 4.0{200}, attr_1: 2.0{300}, attr_1: 3.0{300}] 4200
lhs: [attr_1: 4.0{300}, attr_1: 2.0{300}, attr_1: 3.0{300}] 4200
lhs: [attr_1: 4.0{400}, attr_1: 2.0{300}, attr_1: 3.0{300}] 4200
lhs: [attr_1: 4.0{500}, attr_1: 2.0{300}, attr_1: 3.0{300}] 4200
lhs: [attr_1: 4.0{600}, attr_1: 2.0{300}, attr_1: 3.0{300}] 4200
all possible predictions are:
4200
4200
4200
4300
lhs: [attr_1: 4.0{100}] 4300
Adding to predictions [attr_1: 4.0{100}] ==> attr_4: 1.0{800} nr of rules supporting: 1 because of rule:
 [attr_1: 4.0{100}] ==> attr_4: 1.0{800}
	| nr_of_occurences:2 | rule_score:1800 | last_occurence:3205 | occurences:[2005, 3205]

lhs: [attr_1: 3.0{100}, attr_1: 4.0{100}] 4300
lhs: [attr_1: 3.0{200}, attr_1: 4.0{100}] 4300
lhs: [attr_1: 3.0{300}, attr_1: 4.0{100}] 4300
lhs: [attr_1: 2.0{100}, attr_1: 3.0{300}, attr_1: 4.0{100}] 4300
lhs: [attr_1: 2.0{200}, attr_1: 3.0{300}, attr_1: 4.0{100}] 4300
lhs: [attr_1: 2.0{300}, attr_1: 3.0{300}, attr_1: 4.0{100}] 4300
lhs: [attr_1: 4.0{100}, attr_1: 2.0{300}, attr_1: 3.0{300}, attr_1: 4.0{100}] 4300
lhs: [attr_1: 4.0{200}, attr_1: 2.0{300}, attr_1: 3.0{300}, attr_1: 4.0{100}] 4300
lhs: [attr_1: 4.0{300}, attr_1: 2.0{300}, attr_1: 3.0{300}, attr_1: 4.0{100}] 4300
lhs: [attr_1: 4.0{400}, attr_1: 2.0{300}, attr_1: 3.0{300}, attr_1: 4.0{100}] 4300
lhs: [attr_1: 4.0{500}, attr_1: 2.0{300}, attr_1: 3.0{300}, attr_1: 4.0{100}] 4300
lhs: [attr_1: 4.0{600}, attr_1: 2.0{300}, attr_1: 3.0{300}, attr_1: 4.0{100}] 4300
all possible predictions are:
	 [attr_1: 4.0{100}] ==> attr_4: 1.0{800}  nr: 1 2 1800
-----------------------------------------------------------------------------------------------
	 [attr_1: 4.0{100}] ==> attr_4: 1.0{800}  nr: 1 2 1800 score: 1800
-----------------------------------------------------------------------------------------------
prediction: [attr_1: 4.0{100}] ==> attr_4: 1.0{800}	| nr_of_occurences:1 | rule_score:1800
In moment: 4300 predicting [attr_1: 4.0{100}] ==> attr_4: 1.0{800} nr of rules supporting: 1 because of rule:
 [attr_1: 4.0{100}] ==> attr_4: 1.0{800}
	| nr_of_occurences:2 | rule_score:1800 | last_occurence:3205 | occurences:[2005, 3205]
4300
4300
4300
4400
lhs: [attr_1: 4.0{100}] 4400
Adding to predictions [attr_1: 4.0{100}] ==> attr_4: 1.0{800} nr of rules supporting: 1 because of rule:
 [attr_1: 4.0{100}] ==> attr_4: 1.0{800}
	| nr_of_occurences:2 | rule_score:1800 | last_occurence:3205 | occurences:[2005, 3205]

lhs: [attr_1: 4.0{200}] 4400
Adding to predictions [attr_1: 4.0{200}] ==> attr_4: 1.0{800} nr of rules supporting: 2 because of rule:
 [attr_1: 4.0{200}] ==> attr_4: 1.0{800}
	| nr_of_occurences:2 | rule_score:2000 | last_occurence:3205 | occurences:[2005, 3205]

lhs: [attr_1: 3.0{100}, attr_1: 4.0{200}] 4400
Adding to predictions [attr_1: 3.0{100}, attr_1: 4.0{200}] ==> attr_4: 6.0{400} nr of rules supporting: 1 because of rule:
 [attr_1: 3.0{100}, attr_1: 4.0{200}] ==> attr_4: 6.0{400}
	| nr_of_occurences:3 | rule_score:2100 | last_occurence:3603 | occurences:[1203, 2403, 3603]

lhs: [attr_1: 3.0{200}, attr_1: 4.0{200}] 4400
Adding to predictions [attr_1: 3.0{200}, attr_1: 4.0{200}] ==> attr_4: 6.0{400} nr of rules supporting: 2 because of rule:
 [attr_1: 3.0{200}, attr_1: 4.0{200}] ==> attr_4: 6.0{400}
	| nr_of_occurences:3 | rule_score:2400 | last_occurence:3603 | occurences:[1203, 2403, 3603]

lhs: [attr_1: 3.0{300}, attr_1: 4.0{200}] 4400
Adding to predictions [attr_1: 3.0{300}, attr_1: 4.0{200}] ==> attr_4: 6.0{400} nr of rules supporting: 3 because of rule:
 [attr_1: 3.0{300}, attr_1: 4.0{200}] ==> attr_4: 6.0{400}
	| nr_of_occurences:3 | rule_score:2700 | last_occurence:3603 | occurences:[1203, 2403, 3603]

lhs: [attr_1: 2.0{100}, attr_1: 3.0{300}, attr_1: 4.0{200}] 4400
Adding to predictions [attr_1: 2.0{100}, attr_1: 3.0{300}, attr_1: 4.0{200}] ==> attr_4: 6.0{400} nr of rules supporting: 4 because of rule:
 [attr_1: 2.0{100}, attr_1: 3.0{300}, attr_1: 4.0{200}] ==> attr_4: 6.0{400}
	| nr_of_occurences:3 | rule_score:3000 | last_occurence:3603 | occurences:[1203, 2403, 3603]

lhs: [attr_1: 2.0{200}, attr_1: 3.0{300}, attr_1: 4.0{200}] 4400
Adding to predictions [attr_1: 2.0{200}, attr_1: 3.0{300}, attr_1: 4.0{200}] ==> attr_4: 6.0{400} nr of rules supporting: 5 because of rule:
 [attr_1: 2.0{200}, attr_1: 3.0{300}, attr_1: 4.0{200}] ==> attr_4: 6.0{400}
	| nr_of_occurences:3 | rule_score:3300 | last_occurence:3603 | occurences:[1203, 2403, 3603]

lhs: [attr_1: 2.0{300}, attr_1: 3.0{300}, attr_1: 4.0{200}] 4400
Adding to predictions [attr_1: 2.0{300}, attr_1: 3.0{300}, attr_1: 4.0{200}] ==> attr_4: 6.0{400} nr of rules supporting: 6 because of rule:
 [attr_1: 2.0{300}, attr_1: 3.0{300}, attr_1: 4.0{200}] ==> attr_4: 6.0{400}
	| nr_of_occurences:3 | rule_score:3600 | last_occurence:3603 | occurences:[1203, 2403, 3603]

lhs: [attr_1: 4.0{100}, attr_1: 2.0{300}, attr_1: 3.0{300}, attr_1: 4.0{200}] 4400
lhs: [attr_1: 4.0{200}, attr_1: 2.0{300}, attr_1: 3.0{300}, attr_1: 4.0{200}] 4400
lhs: [attr_1: 4.0{300}, attr_1: 2.0{300}, attr_1: 3.0{300}, attr_1: 4.0{200}] 4400
lhs: [attr_1: 4.0{400}, attr_1: 2.0{300}, attr_1: 3.0{300}, attr_1: 4.0{200}] 4400
lhs: [attr_1: 4.0{500}, attr_1: 2.0{300}, attr_1: 3.0{300}, attr_1: 4.0{200}] 4400
lhs: [attr_1: 4.0{600}, attr_1: 2.0{300}, attr_1: 3.0{300}, attr_1: 4.0{200}] 4400
all possible predictions are:
	 [attr_1: 4.0{100}] ==> attr_4: 1.0{800}  nr: 1 2 1800
	 [attr_1: 4.0{200}] ==> attr_4: 1.0{800}  nr: 2 2 2000
-----------------------------------------------------------------------------------------------
	 [attr_1: 4.0{200}] ==> attr_4: 1.0{800}  nr: 2 2 2000 score: 4000
-----------------------------------------------------------------------------------------------
	 [attr_1: 3.0{100}, attr_1: 4.0{200}] ==> attr_4: 6.0{400}  nr: 1 3 2100
	 [attr_1: 3.0{200}, attr_1: 4.0{200}] ==> attr_4: 6.0{400}  nr: 2 3 2400
	 [attr_1: 3.0{300}, attr_1: 4.0{200}] ==> attr_4: 6.0{400}  nr: 3 3 2700
	 [attr_1: 2.0{100}, attr_1: 3.0{300}, attr_1: 4.0{200}] ==> attr_4: 6.0{400}  nr: 4 3 3000
	 [attr_1: 2.0{200}, attr_1: 3.0{300}, attr_1: 4.0{200}] ==> attr_4: 6.0{400}  nr: 5 3 3300
	 [attr_1: 2.0{300}, attr_1: 3.0{300}, attr_1: 4.0{200}] ==> attr_4: 6.0{400}  nr: 6 3 3600
-----------------------------------------------------------------------------------------------
	 [attr_1: 2.0{300}, attr_1: 3.0{300}, attr_1: 4.0{200}] ==> attr_4: 6.0{400}  nr: 6 3 3600 score: 21600
-----------------------------------------------------------------------------------------------
prediction: [attr_1: 2.0{300}, attr_1: 3.0{300}, attr_1: 4.0{200}] ==> attr_4: 6.0{400}	| nr_of_occurences:6 | rule_score:21600
In moment: 4400 predicting [attr_1: 2.0{300}, attr_1: 3.0{300}, attr_1: 4.0{200}] ==> attr_4: 6.0{400} nr of rules supporting: 6 because of rule:
 [attr_1: 2.0{300}, attr_1: 3.0{300}, attr_1: 4.0{200}] ==> attr_4: 6.0{400}
	| nr_of_occurences:3 | rule_score:3600 | last_occurence:3603 | occurences:[1203, 2403, 3603]
Adding new prediction
4400
4400
4400
4500
lhs: [attr_1: 4.0{100}] 4500
Adding to predictions [attr_1: 4.0{100}] ==> attr_4: 1.0{800} nr of rules supporting: 1 because of rule:
 [attr_1: 4.0{100}] ==> attr_4: 1.0{800}
	| nr_of_occurences:3 | rule_score:2700 | last_occurence:4405 | occurences:[2005, 3205, 4405]

lhs: [attr_1: 4.0{200}] 4500
Adding to predictions [attr_1: 4.0{200}] ==> attr_4: 1.0{800} nr of rules supporting: 2 because of rule:
 [attr_1: 4.0{200}] ==> attr_4: 1.0{800}
	| nr_of_occurences:3 | rule_score:3000 | last_occurence:4405 | occurences:[2005, 3205, 4405]

lhs: [attr_1: 4.0{300}] 4500
Adding to predictions [attr_1: 4.0{300}] ==> attr_4: 1.0{800} nr of rules supporting: 3 because of rule:
 [attr_1: 4.0{300}] ==> attr_4: 1.0{800}
	| nr_of_occurences:3 | rule_score:3300 | last_occurence:4405 | occurences:[2005, 3205, 4405]

lhs: [attr_1: 3.0{100}, attr_1: 4.0{300}] 4500
lhs: [attr_1: 3.0{200}, attr_1: 4.0{300}] 4500
lhs: [attr_1: 3.0{300}, attr_1: 4.0{300}] 4500
lhs: [attr_1: 2.0{100}, attr_1: 3.0{300}, attr_1: 4.0{300}] 4500
lhs: [attr_1: 2.0{200}, attr_1: 3.0{300}, attr_1: 4.0{300}] 4500
lhs: [attr_1: 2.0{300}, attr_1: 3.0{300}, attr_1: 4.0{300}] 4500
all possible predictions are:
	 [attr_1: 4.0{100}] ==> attr_4: 1.0{800}  nr: 1 3 2700
	 [attr_1: 4.0{200}] ==> attr_4: 1.0{800}  nr: 2 3 3000
	 [attr_1: 4.0{300}] ==> attr_4: 1.0{800}  nr: 3 3 3300
-----------------------------------------------------------------------------------------------
	 [attr_1: 4.0{300}] ==> attr_4: 1.0{800}  nr: 3 3 3300 score: 9900
-----------------------------------------------------------------------------------------------
prediction: [attr_1: 4.0{300}] ==> attr_4: 1.0{800}	| nr_of_occurences:3 | rule_score:9900
In moment: 4500 predicting [attr_1: 4.0{300}] ==> attr_4: 1.0{800} nr of rules supporting: 3 because of rule:
 [attr_1: 4.0{300}] ==> attr_4: 1.0{800}
	| nr_of_occurences:3 | rule_score:3300 | last_occurence:4405 | occurences:[2005, 3205, 4405]
4500
4500
4500
4600
lhs: [attr_1: 4.0{100}] 4600
Adding to predictions [attr_1: 4.0{100}] ==> attr_4: 1.0{800} nr of rules supporting: 1 because of rule:
 [attr_1: 4.0{100}] ==> attr_4: 1.0{800}
	| nr_of_occurences:3 | rule_score:2700 | last_occurence:4405 | occurences:[2005, 3205, 4405]

lhs: [attr_1: 4.0{200}] 4600
Adding to predictions [attr_1: 4.0{200}] ==> attr_4: 1.0{800} nr of rules supporting: 2 because of rule:
 [attr_1: 4.0{200}] ==> attr_4: 1.0{800}
	| nr_of_occurences:3 | rule_score:3000 | last_occurence:4405 | occurences:[2005, 3205, 4405]

lhs: [attr_1: 4.0{300}] 4600
Adding to predictions [attr_1: 4.0{300}] ==> attr_4: 1.0{800} nr of rules supporting: 3 because of rule:
 [attr_1: 4.0{300}] ==> attr_4: 1.0{800}
	| nr_of_occurences:3 | rule_score:3300 | last_occurence:4405 | occurences:[2005, 3205, 4405]

lhs: [attr_1: 4.0{400}] 4600
Adding to predictions [attr_1: 4.0{400}] ==> attr_4: 1.0{800} nr of rules supporting: 4 because of rule:
 [attr_1: 4.0{400}] ==> attr_4: 1.0{800}
	| nr_of_occurences:3 | rule_score:3600 | last_occurence:4405 | occurences:[2005, 3205, 4405]

lhs: [attr_1: 3.0{100}, attr_1: 4.0{400}] 4600
lhs: [attr_1: 3.0{200}, attr_1: 4.0{400}] 4600
lhs: [attr_1: 3.0{300}, attr_1: 4.0{400}] 4600
lhs: [attr_1: 2.0{100}, attr_1: 3.0{300}, attr_1: 4.0{400}] 4600
lhs: [attr_1: 2.0{200}, attr_1: 3.0{300}, attr_1: 4.0{400}] 4600
lhs: [attr_1: 2.0{300}, attr_1: 3.0{300}, attr_1: 4.0{400}] 4600
all possible predictions are:
	 [attr_1: 4.0{100}] ==> attr_4: 1.0{800}  nr: 1 3 2700
	 [attr_1: 4.0{200}] ==> attr_4: 1.0{800}  nr: 2 3 3000
	 [attr_1: 4.0{300}] ==> attr_4: 1.0{800}  nr: 3 3 3300
	 [attr_1: 4.0{400}] ==> attr_4: 1.0{800}  nr: 4 3 3600
-----------------------------------------------------------------------------------------------
	 [attr_1: 4.0{400}] ==> attr_4: 1.0{800}  nr: 4 3 3600 score: 14400
-----------------------------------------------------------------------------------------------
prediction: [attr_1: 4.0{400}] ==> attr_4: 1.0{800}	| nr_of_occurences:4 | rule_score:14400
In moment: 4600 predicting [attr_1: 4.0{400}] ==> attr_4: 1.0{800} nr of rules supporting: 4 because of rule:
 [attr_1: 4.0{400}] ==> attr_4: 1.0{800}
	| nr_of_occurences:3 | rule_score:3600 | last_occurence:4405 | occurences:[2005, 3205, 4405]
4600
4600
4600
4700
lhs: [attr_1: 4.0{100}] 4700
Adding to predictions [attr_1: 4.0{100}] ==> attr_4: 1.0{800} nr of rules supporting: 1 because of rule:
 [attr_1: 4.0{100}] ==> attr_4: 1.0{800}
	| nr_of_occurences:3 | rule_score:2700 | last_occurence:4405 | occurences:[2005, 3205, 4405]

lhs: [attr_1: 4.0{200}] 4700
Adding to predictions [attr_1: 4.0{200}] ==> attr_4: 1.0{800} nr of rules supporting: 2 because of rule:
 [attr_1: 4.0{200}] ==> attr_4: 1.0{800}
	| nr_of_occurences:3 | rule_score:3000 | last_occurence:4405 | occurences:[2005, 3205, 4405]

lhs: [attr_1: 4.0{300}] 4700
Adding to predictions [attr_1: 4.0{300}] ==> attr_4: 1.0{800} nr of rules supporting: 3 because of rule:
 [attr_1: 4.0{300}] ==> attr_4: 1.0{800}
	| nr_of_occurences:3 | rule_score:3300 | last_occurence:4405 | occurences:[2005, 3205, 4405]

lhs: [attr_1: 4.0{400}] 4700
Adding to predictions [attr_1: 4.0{400}] ==> attr_4: 1.0{800} nr of rules supporting: 4 because of rule:
 [attr_1: 4.0{400}] ==> attr_4: 1.0{800}
	| nr_of_occurences:3 | rule_score:3600 | last_occurence:4405 | occurences:[2005, 3205, 4405]

lhs: [attr_1: 4.0{500}] 4700
lhs: [attr_1: 3.0{100}, attr_1: 4.0{500}] 4700
lhs: [attr_1: 3.0{200}, attr_1: 4.0{500}] 4700
lhs: [attr_1: 3.0{300}, attr_1: 4.0{500}] 4700
lhs: [attr_1: 2.0{100}, attr_1: 3.0{300}, attr_1: 4.0{500}] 4700
lhs: [attr_1: 2.0{200}, attr_1: 3.0{300}, attr_1: 4.0{500}] 4700
lhs: [attr_1: 2.0{300}, attr_1: 3.0{300}, attr_1: 4.0{500}] 4700
all possible predictions are:
	 [attr_1: 4.0{100}] ==> attr_4: 1.0{800}  nr: 1 3 2700
	 [attr_1: 4.0{200}] ==> attr_4: 1.0{800}  nr: 2 3 3000
	 [attr_1: 4.0{300}] ==> attr_4: 1.0{800}  nr: 3 3 3300
	 [attr_1: 4.0{400}] ==> attr_4: 1.0{800}  nr: 4 3 3600
-----------------------------------------------------------------------------------------------
	 [attr_1: 4.0{400}] ==> attr_4: 1.0{800}  nr: 4 3 3600 score: 14400
-----------------------------------------------------------------------------------------------
prediction: [attr_1: 4.0{400}] ==> attr_4: 1.0{800}	| nr_of_occurences:4 | rule_score:14400
In moment: 4700 predicting [attr_1: 4.0{400}] ==> attr_4: 1.0{800} nr of rules supporting: 4 because of rule:
 [attr_1: 4.0{400}] ==> attr_4: 1.0{800}
	| nr_of_occurences:3 | rule_score:3600 | last_occurence:4405 | occurences:[2005, 3205, 4405]
4700
4700
4700
4800
lhs: [attr_1: 4.0{100}] 4800
Adding to predictions [attr_1: 4.0{100}] ==> attr_4: 1.0{800} nr of rules supporting: 1 because of rule:
 [attr_1: 4.0{100}] ==> attr_4: 1.0{800}
	| nr_of_occurences:3 | rule_score:2700 | last_occurence:4405 | occurences:[2005, 3205, 4405]

lhs: [attr_1: 4.0{200}] 4800
Adding to predictions [attr_1: 4.0{200}] ==> attr_4: 1.0{800} nr of rules supporting: 2 because of rule:
 [attr_1: 4.0{200}] ==> attr_4: 1.0{800}
	| nr_of_occurences:3 | rule_score:3000 | last_occurence:4405 | occurences:[2005, 3205, 4405]

lhs: [attr_1: 4.0{300}] 4800
Adding to predictions [attr_1: 4.0{300}] ==> attr_4: 1.0{800} nr of rules supporting: 3 because of rule:
 [attr_1: 4.0{300}] ==> attr_4: 1.0{800}
	| nr_of_occurences:3 | rule_score:3300 | last_occurence:4405 | occurences:[2005, 3205, 4405]

lhs: [attr_1: 4.0{400}] 4800
Adding to predictions [attr_1: 4.0{400}] ==> attr_4: 1.0{800} nr of rules supporting: 4 because of rule:
 [attr_1: 4.0{400}] ==> attr_4: 1.0{800}
	| nr_of_occurences:3 | rule_score:3600 | last_occurence:4405 | occurences:[2005, 3205, 4405]

lhs: [attr_1: 4.0{500}] 4800
lhs: [attr_1: 4.0{600}] 4800
lhs: [attr_1: 3.0{100}, attr_1: 4.0{600}] 4800
lhs: [attr_1: 3.0{200}, attr_1: 4.0{600}] 4800
lhs: [attr_1: 3.0{300}, attr_1: 4.0{600}] 4800
lhs: [attr_1: 2.0{100}, attr_1: 3.0{300}, attr_1: 4.0{600}] 4800
lhs: [attr_1: 2.0{200}, attr_1: 3.0{300}, attr_1: 4.0{600}] 4800
lhs: [attr_1: 2.0{300}, attr_1: 3.0{300}, attr_1: 4.0{600}] 4800
all possible predictions are:
	 [attr_1: 4.0{100}] ==> attr_4: 1.0{800}  nr: 1 3 2700
	 [attr_1: 4.0{200}] ==> attr_4: 1.0{800}  nr: 2 3 3000
	 [attr_1: 4.0{300}] ==> attr_4: 1.0{800}  nr: 3 3 3300
	 [attr_1: 4.0{400}] ==> attr_4: 1.0{800}  nr: 4 3 3600
-----------------------------------------------------------------------------------------------
	 [attr_1: 4.0{400}] ==> attr_4: 1.0{800}  nr: 4 3 3600 score: 14400
-----------------------------------------------------------------------------------------------
prediction: [attr_1: 4.0{400}] ==> attr_4: 1.0{800}	| nr_of_occurences:4 | rule_score:14400
In moment: 4800 predicting [attr_1: 4.0{400}] ==> attr_4: 1.0{800} nr of rules supporting: 4 because of rule:
 [attr_1: 4.0{400}] ==> attr_4: 1.0{800}
	| nr_of_occurences:3 | rule_score:3600 | last_occurence:4405 | occurences:[2005, 3205, 4405]
Adding new prediction
4800
4800
4800
4900
lhs: [attr_1: 1.0{100}] 4900
lhs: [attr_1: 4.0{100}, attr_1: 1.0{100}] 4900
lhs: [attr_1: 4.0{200}, attr_1: 1.0{100}] 4900
lhs: [attr_1: 4.0{300}, attr_1: 1.0{100}] 4900
lhs: [attr_1: 4.0{400}, attr_1: 1.0{100}] 4900
lhs: [attr_1: 4.0{500}, attr_1: 1.0{100}] 4900
lhs: [attr_1: 4.0{600}, attr_1: 1.0{100}] 4900
lhs: [attr_1: 3.0{100}, attr_1: 4.0{600}, attr_1: 1.0{100}] 4900
lhs: [attr_1: 3.0{200}, attr_1: 4.0{600}, attr_1: 1.0{100}] 4900
lhs: [attr_1: 3.0{300}, attr_1: 4.0{600}, attr_1: 1.0{100}] 4900
lhs: [attr_1: 2.0{100}, attr_1: 3.0{300}, attr_1: 4.0{600}, attr_1: 1.0{100}] 4900
lhs: [attr_1: 2.0{200}, attr_1: 3.0{300}, attr_1: 4.0{600}, attr_1: 1.0{100}] 4900
lhs: [attr_1: 2.0{300}, attr_1: 3.0{300}, attr_1: 4.0{600}, attr_1: 1.0{100}] 4900
all possible predictions are:
4900
4900
4900
5000
lhs: [attr_1: 1.0{100}] 5000
lhs: [attr_1: 1.0{200}] 5000
lhs: [attr_1: 4.0{100}, attr_1: 1.0{200}] 5000
lhs: [attr_1: 4.0{200}, attr_1: 1.0{200}] 5000
lhs: [attr_1: 4.0{300}, attr_1: 1.0{200}] 5000
lhs: [attr_1: 4.0{400}, attr_1: 1.0{200}] 5000
lhs: [attr_1: 4.0{500}, attr_1: 1.0{200}] 5000
lhs: [attr_1: 4.0{600}, attr_1: 1.0{200}] 5000
lhs: [attr_1: 3.0{100}, attr_1: 4.0{600}, attr_1: 1.0{200}] 5000
lhs: [attr_1: 3.0{200}, attr_1: 4.0{600}, attr_1: 1.0{200}] 5000
lhs: [attr_1: 3.0{300}, attr_1: 4.0{600}, attr_1: 1.0{200}] 5000
lhs: [attr_1: 2.0{100}, attr_1: 3.0{300}, attr_1: 4.0{600}, attr_1: 1.0{200}] 5000
lhs: [attr_1: 2.0{200}, attr_1: 3.0{300}, attr_1: 4.0{600}, attr_1: 1.0{200}] 5000
lhs: [attr_1: 2.0{300}, attr_1: 3.0{300}, attr_1: 4.0{600}, attr_1: 1.0{200}] 5000
all possible predictions are:
5000
5000
5000
5100
lhs: [attr_1: 1.0{100}] 5100
lhs: [attr_1: 1.0{200}] 5100
lhs: [attr_1: 1.0{300}] 5100
lhs: [attr_1: 4.0{100}, attr_1: 1.0{300}] 5100
lhs: [attr_1: 4.0{200}, attr_1: 1.0{300}] 5100
lhs: [attr_1: 4.0{300}, attr_1: 1.0{300}] 5100
lhs: [attr_1: 4.0{400}, attr_1: 1.0{300}] 5100
lhs: [attr_1: 4.0{500}, attr_1: 1.0{300}] 5100
lhs: [attr_1: 4.0{600}, attr_1: 1.0{300}] 5100
lhs: [attr_1: 3.0{100}, attr_1: 4.0{600}, attr_1: 1.0{300}] 5100
lhs: [attr_1: 3.0{200}, attr_1: 4.0{600}, attr_1: 1.0{300}] 5100
lhs: [attr_1: 3.0{300}, attr_1: 4.0{600}, attr_1: 1.0{300}] 5100
all possible predictions are:
5100
5100
5100
5200
lhs: [attr_1: 3.0{100}] 5200
lhs: [attr_1: 2.0{100}, attr_1: 3.0{100}] 5200
lhs: [attr_1: 2.0{200}, attr_1: 3.0{100}] 5200
lhs: [attr_1: 2.0{300}, attr_1: 3.0{100}] 5200
lhs: [attr_1: 4.0{100}, attr_1: 2.0{300}, attr_1: 3.0{100}] 5200
lhs: [attr_1: 4.0{200}, attr_1: 2.0{300}, attr_1: 3.0{100}] 5200
lhs: [attr_1: 4.0{300}, attr_1: 2.0{300}, attr_1: 3.0{100}] 5200
lhs: [attr_1: 4.0{400}, attr_1: 2.0{300}, attr_1: 3.0{100}] 5200
lhs: [attr_1: 4.0{500}, attr_1: 2.0{300}, attr_1: 3.0{100}] 5200
lhs: [attr_1: 4.0{600}, attr_1: 2.0{300}, attr_1: 3.0{100}] 5200
lhs: [attr_1: 3.0{100}, attr_1: 4.0{600}, attr_1: 2.0{300}, attr_1: 3.0{100}] 5200
lhs: [attr_1: 3.0{200}, attr_1: 4.0{600}, attr_1: 2.0{300}, attr_1: 3.0{100}] 5200
lhs: [attr_1: 3.0{300}, attr_1: 4.0{600}, attr_1: 2.0{300}, attr_1: 3.0{100}] 5200
all possible predictions are:
5200
5200
5200
5300
lhs: [attr_1: 3.0{100}] 5300
lhs: [attr_1: 3.0{200}] 5300
lhs: [attr_1: 2.0{100}, attr_1: 3.0{200}] 5300
lhs: [attr_1: 2.0{200}, attr_1: 3.0{200}] 5300
lhs: [attr_1: 2.0{300}, attr_1: 3.0{200}] 5300
lhs: [attr_1: 4.0{100}, attr_1: 2.0{300}, attr_1: 3.0{200}] 5300
lhs: [attr_1: 4.0{200}, attr_1: 2.0{300}, attr_1: 3.0{200}] 5300
lhs: [attr_1: 4.0{300}, attr_1: 2.0{300}, attr_1: 3.0{200}] 5300
lhs: [attr_1: 4.0{400}, attr_1: 2.0{300}, attr_1: 3.0{200}] 5300
lhs: [attr_1: 4.0{500}, attr_1: 2.0{300}, attr_1: 3.0{200}] 5300
lhs: [attr_1: 4.0{600}, attr_1: 2.0{300}, attr_1: 3.0{200}] 5300
lhs: [attr_1: 3.0{100}, attr_1: 4.0{600}, attr_1: 2.0{300}, attr_1: 3.0{200}] 5300
lhs: [attr_1: 3.0{200}, attr_1: 4.0{600}, attr_1: 2.0{300}, attr_1: 3.0{200}] 5300
lhs: [attr_1: 3.0{300}, attr_1: 4.0{600}, attr_1: 2.0{300}, attr_1: 3.0{200}] 5300
all possible predictions are:
5300
5300
5300
5400
lhs: [attr_1: 3.0{100}] 5400
lhs: [attr_1: 3.0{200}] 5400
lhs: [attr_1: 3.0{300}] 5400
lhs: [attr_1: 2.0{100}, attr_1: 3.0{300}] 5400
lhs: [attr_1: 2.0{200}, attr_1: 3.0{300}] 5400
lhs: [attr_1: 2.0{300}, attr_1: 3.0{300}] 5400
lhs: [attr_1: 4.0{100}, attr_1: 2.0{300}, attr_1: 3.0{300}] 5400
lhs: [attr_1: 4.0{200}, attr_1: 2.0{300}, attr_1: 3.0{300}] 5400
lhs: [attr_1: 4.0{300}, attr_1: 2.0{300}, attr_1: 3.0{300}] 5400
lhs: [attr_1: 4.0{400}, attr_1: 2.0{300}, attr_1: 3.0{300}] 5400
lhs: [attr_1: 4.0{500}, attr_1: 2.0{300}, attr_1: 3.0{300}] 5400
lhs: [attr_1: 4.0{600}, attr_1: 2.0{300}, attr_1: 3.0{300}] 5400
all possible predictions are:
5400
5400
5400
5500
lhs: [attr_1: 4.0{100}] 5500
Adding to predictions [attr_1: 4.0{100}] ==> attr_4: 1.0{800} nr of rules supporting: 1 because of rule:
 [attr_1: 4.0{100}] ==> attr_4: 1.0{800}
	| nr_of_occurences:3 | rule_score:2700 | last_occurence:4405 | occurences:[2005, 3205, 4405]

lhs: [attr_1: 3.0{100}, attr_1: 4.0{100}] 5500
lhs: [attr_1: 3.0{200}, attr_1: 4.0{100}] 5500
lhs: [attr_1: 3.0{300}, attr_1: 4.0{100}] 5500
lhs: [attr_1: 2.0{100}, attr_1: 3.0{300}, attr_1: 4.0{100}] 5500
lhs: [attr_1: 2.0{200}, attr_1: 3.0{300}, attr_1: 4.0{100}] 5500
lhs: [attr_1: 2.0{300}, attr_1: 3.0{300}, attr_1: 4.0{100}] 5500
lhs: [attr_1: 4.0{100}, attr_1: 2.0{300}, attr_1: 3.0{300}, attr_1: 4.0{100}] 5500
lhs: [attr_1: 4.0{200}, attr_1: 2.0{300}, attr_1: 3.0{300}, attr_1: 4.0{100}] 5500
lhs: [attr_1: 4.0{300}, attr_1: 2.0{300}, attr_1: 3.0{300}, attr_1: 4.0{100}] 5500
lhs: [attr_1: 4.0{400}, attr_1: 2.0{300}, attr_1: 3.0{300}, attr_1: 4.0{100}] 5500
lhs: [attr_1: 4.0{500}, attr_1: 2.0{300}, attr_1: 3.0{300}, attr_1: 4.0{100}] 5500
lhs: [attr_1: 4.0{600}, attr_1: 2.0{300}, attr_1: 3.0{300}, attr_1: 4.0{100}] 5500
all possible predictions are:
	 [attr_1: 4.0{100}] ==> attr_4: 1.0{800}  nr: 1 3 2700
-----------------------------------------------------------------------------------------------
	 [attr_1: 4.0{100}] ==> attr_4: 1.0{800}  nr: 1 3 2700 score: 2700
-----------------------------------------------------------------------------------------------
prediction: [attr_1: 4.0{100}] ==> attr_4: 1.0{800}	| nr_of_occurences:1 | rule_score:2700
In moment: 5500 predicting [attr_1: 4.0{100}] ==> attr_4: 1.0{800} nr of rules supporting: 1 because of rule:
 [attr_1: 4.0{100}] ==> attr_4: 1.0{800}
	| nr_of_occurences:3 | rule_score:2700 | last_occurence:4405 | occurences:[2005, 3205, 4405]
5500
5500
5500
5600
lhs: [attr_1: 4.0{100}] 5600
Adding to predictions [attr_1: 4.0{100}] ==> attr_4: 1.0{800} nr of rules supporting: 1 because of rule:
 [attr_1: 4.0{100}] ==> attr_4: 1.0{800}
	| nr_of_occurences:3 | rule_score:2700 | last_occurence:4405 | occurences:[2005, 3205, 4405]

lhs: [attr_1: 4.0{200}] 5600
Adding to predictions [attr_1: 4.0{200}] ==> attr_4: 1.0{800} nr of rules supporting: 2 because of rule:
 [attr_1: 4.0{200}] ==> attr_4: 1.0{800}
	| nr_of_occurences:3 | rule_score:3000 | last_occurence:4405 | occurences:[2005, 3205, 4405]

lhs: [attr_1: 3.0{100}, attr_1: 4.0{200}] 5600
Adding to predictions [attr_1: 3.0{100}, attr_1: 4.0{200}] ==> attr_4: 6.0{400} nr of rules supporting: 1 because of rule:
 [attr_1: 3.0{100}, attr_1: 4.0{200}] ==> attr_4: 6.0{400}
	| nr_of_occurences:4 | rule_score:2800 | last_occurence:4803 | occurences:[1203, 2403, 3603, 4803]

lhs: [attr_1: 3.0{200}, attr_1: 4.0{200}] 5600
Adding to predictions [attr_1: 3.0{200}, attr_1: 4.0{200}] ==> attr_4: 6.0{400} nr of rules supporting: 2 because of rule:
 [attr_1: 3.0{200}, attr_1: 4.0{200}] ==> attr_4: 6.0{400}
	| nr_of_occurences:4 | rule_score:3200 | last_occurence:4803 | occurences:[1203, 2403, 3603, 4803]

lhs: [attr_1: 3.0{300}, attr_1: 4.0{200}] 5600
Adding to predictions [attr_1: 3.0{300}, attr_1: 4.0{200}] ==> attr_4: 6.0{400} nr of rules supporting: 3 because of rule:
 [attr_1: 3.0{300}, attr_1: 4.0{200}] ==> attr_4: 6.0{400}
	| nr_of_occurences:4 | rule_score:3600 | last_occurence:4803 | occurences:[1203, 2403, 3603, 4803]

lhs: [attr_1: 2.0{100}, attr_1: 3.0{300}, attr_1: 4.0{200}] 5600
Adding to predictions [attr_1: 2.0{100}, attr_1: 3.0{300}, attr_1: 4.0{200}] ==> attr_4: 6.0{400} nr of rules supporting: 4 because of rule:
 [attr_1: 2.0{100}, attr_1: 3.0{300}, attr_1: 4.0{200}] ==> attr_4: 6.0{400}
	| nr_of_occurences:4 | rule_score:4000 | last_occurence:4803 | occurences:[1203, 2403, 3603, 4803]

lhs: [attr_1: 2.0{200}, attr_1: 3.0{300}, attr_1: 4.0{200}] 5600
Adding to predictions [attr_1: 2.0{200}, attr_1: 3.0{300}, attr_1: 4.0{200}] ==> attr_4: 6.0{400} nr of rules supporting: 5 because of rule:
 [attr_1: 2.0{200}, attr_1: 3.0{300}, attr_1: 4.0{200}] ==> attr_4: 6.0{400}
	| nr_of_occurences:4 | rule_score:4400 | last_occurence:4803 | occurences:[1203, 2403, 3603, 4803]

lhs: [attr_1: 2.0{300}, attr_1: 3.0{300}, attr_1: 4.0{200}] 5600
Adding to predictions [attr_1: 2.0{300}, attr_1: 3.0{300}, attr_1: 4.0{200}] ==> attr_4: 6.0{400} nr of rules supporting: 6 because of rule:
 [attr_1: 2.0{300}, attr_1: 3.0{300}, attr_1: 4.0{200}] ==> attr_4: 6.0{400}
	| nr_of_occurences:4 | rule_score:4800 | last_occurence:4803 | occurences:[1203, 2403, 3603, 4803]

lhs: [attr_1: 4.0{100}, attr_1: 2.0{300}, attr_1: 3.0{300}, attr_1: 4.0{200}] 5600
lhs: [attr_1: 4.0{200}, attr_1: 2.0{300}, attr_1: 3.0{300}, attr_1: 4.0{200}] 5600
lhs: [attr_1: 4.0{300}, attr_1: 2.0{300}, attr_1: 3.0{300}, attr_1: 4.0{200}] 5600
lhs: [attr_1: 4.0{400}, attr_1: 2.0{300}, attr_1: 3.0{300}, attr_1: 4.0{200}] 5600
lhs: [attr_1: 4.0{500}, attr_1: 2.0{300}, attr_1: 3.0{300}, attr_1: 4.0{200}] 5600
lhs: [attr_1: 4.0{600}, attr_1: 2.0{300}, attr_1: 3.0{300}, attr_1: 4.0{200}] 5600
all possible predictions are:
	 [attr_1: 4.0{100}] ==> attr_4: 1.0{800}  nr: 1 3 2700
	 [attr_1: 4.0{200}] ==> attr_4: 1.0{800}  nr: 2 3 3000
-----------------------------------------------------------------------------------------------
	 [attr_1: 4.0{200}] ==> attr_4: 1.0{800}  nr: 2 3 3000 score: 6000
-----------------------------------------------------------------------------------------------
	 [attr_1: 3.0{100}, attr_1: 4.0{200}] ==> attr_4: 6.0{400}  nr: 1 4 2800
	 [attr_1: 3.0{200}, attr_1: 4.0{200}] ==> attr_4: 6.0{400}  nr: 2 4 3200
	 [attr_1: 3.0{300}, attr_1: 4.0{200}] ==> attr_4: 6.0{400}  nr: 3 4 3600
	 [attr_1: 2.0{100}, attr_1: 3.0{300}, attr_1: 4.0{200}] ==> attr_4: 6.0{400}  nr: 4 4 4000
	 [attr_1: 2.0{200}, attr_1: 3.0{300}, attr_1: 4.0{200}] ==> attr_4: 6.0{400}  nr: 5 4 4400
	 [attr_1: 2.0{300}, attr_1: 3.0{300}, attr_1: 4.0{200}] ==> attr_4: 6.0{400}  nr: 6 4 4800
-----------------------------------------------------------------------------------------------
	 [attr_1: 2.0{300}, attr_1: 3.0{300}, attr_1: 4.0{200}] ==> attr_4: 6.0{400}  nr: 6 4 4800 score: 28800
-----------------------------------------------------------------------------------------------
prediction: [attr_1: 2.0{300}, attr_1: 3.0{300}, attr_1: 4.0{200}] ==> attr_4: 6.0{400}	| nr_of_occurences:6 | rule_score:28800
In moment: 5600 predicting [attr_1: 2.0{300}, attr_1: 3.0{300}, attr_1: 4.0{200}] ==> attr_4: 6.0{400} nr of rules supporting: 6 because of rule:
 [attr_1: 2.0{300}, attr_1: 3.0{300}, attr_1: 4.0{200}] ==> attr_4: 6.0{400}
	| nr_of_occurences:4 | rule_score:4800 | last_occurence:4803 | occurences:[1203, 2403, 3603, 4803]
Adding new prediction
5600
5600
5600
5700
lhs: [attr_1: 4.0{100}] 5700
Adding to predictions [attr_1: 4.0{100}] ==> attr_4: 1.0{800} nr of rules supporting: 1 because of rule:
 [attr_1: 4.0{100}] ==> attr_4: 1.0{800}
	| nr_of_occurences:4 | rule_score:3600 | last_occurence:5605 | occurences:[2005, 3205, 4405, 5605]

lhs: [attr_1: 4.0{200}] 5700
Adding to predictions [attr_1: 4.0{200}] ==> attr_4: 1.0{800} nr of rules supporting: 2 because of rule:
 [attr_1: 4.0{200}] ==> attr_4: 1.0{800}
	| nr_of_occurences:4 | rule_score:4000 | last_occurence:5605 | occurences:[2005, 3205, 4405, 5605]

lhs: [attr_1: 4.0{300}] 5700
Adding to predictions [attr_1: 4.0{300}] ==> attr_4: 1.0{800} nr of rules supporting: 3 because of rule:
 [attr_1: 4.0{300}] ==> attr_4: 1.0{800}
	| nr_of_occurences:4 | rule_score:4400 | last_occurence:5605 | occurences:[2005, 3205, 4405, 5605]

lhs: [attr_1: 3.0{100}, attr_1: 4.0{300}] 5700
lhs: [attr_1: 3.0{200}, attr_1: 4.0{300}] 5700
lhs: [attr_1: 3.0{300}, attr_1: 4.0{300}] 5700
lhs: [attr_1: 2.0{100}, attr_1: 3.0{300}, attr_1: 4.0{300}] 5700
lhs: [attr_1: 2.0{200}, attr_1: 3.0{300}, attr_1: 4.0{300}] 5700
lhs: [attr_1: 2.0{300}, attr_1: 3.0{300}, attr_1: 4.0{300}] 5700
all possible predictions are:
	 [attr_1: 4.0{100}] ==> attr_4: 1.0{800}  nr: 1 4 3600
	 [attr_1: 4.0{200}] ==> attr_4: 1.0{800}  nr: 2 4 4000
	 [attr_1: 4.0{300}] ==> attr_4: 1.0{800}  nr: 3 4 4400
-----------------------------------------------------------------------------------------------
	 [attr_1: 4.0{300}] ==> attr_4: 1.0{800}  nr: 3 4 4400 score: 13200
-----------------------------------------------------------------------------------------------
prediction: [attr_1: 4.0{300}] ==> attr_4: 1.0{800}	| nr_of_occurences:3 | rule_score:13200
In moment: 5700 predicting [attr_1: 4.0{300}] ==> attr_4: 1.0{800} nr of rules supporting: 3 because of rule:
 [attr_1: 4.0{300}] ==> attr_4: 1.0{800}
	| nr_of_occurences:4 | rule_score:4400 | last_occurence:5605 | occurences:[2005, 3205, 4405, 5605]
5700
5700
5700
5800
lhs: [attr_1: 4.0{100}] 5800
Adding to predictions [attr_1: 4.0{100}] ==> attr_4: 1.0{800} nr of rules supporting: 1 because of rule:
 [attr_1: 4.0{100}] ==> attr_4: 1.0{800}
	| nr_of_occurences:4 | rule_score:3600 | last_occurence:5605 | occurences:[2005, 3205, 4405, 5605]

lhs: [attr_1: 4.0{200}] 5800
Adding to predictions [attr_1: 4.0{200}] ==> attr_4: 1.0{800} nr of rules supporting: 2 because of rule:
 [attr_1: 4.0{200}] ==> attr_4: 1.0{800}
	| nr_of_occurences:4 | rule_score:4000 | last_occurence:5605 | occurences:[2005, 3205, 4405, 5605]

lhs: [attr_1: 4.0{300}] 5800
Adding to predictions [attr_1: 4.0{300}] ==> attr_4: 1.0{800} nr of rules supporting: 3 because of rule:
 [attr_1: 4.0{300}] ==> attr_4: 1.0{800}
	| nr_of_occurences:4 | rule_score:4400 | last_occurence:5605 | occurences:[2005, 3205, 4405, 5605]

lhs: [attr_1: 4.0{400}] 5800
Adding to predictions [attr_1: 4.0{400}] ==> attr_4: 1.0{800} nr of rules supporting: 4 because of rule:
 [attr_1: 4.0{400}] ==> attr_4: 1.0{800}
	| nr_of_occurences:4 | rule_score:4800 | last_occurence:5605 | occurences:[2005, 3205, 4405, 5605]

lhs: [attr_1: 3.0{100}, attr_1: 4.0{400}] 5800
lhs: [attr_1: 3.0{200}, attr_1: 4.0{400}] 5800
lhs: [attr_1: 3.0{300}, attr_1: 4.0{400}] 5800
lhs: [attr_1: 2.0{100}, attr_1: 3.0{300}, attr_1: 4.0{400}] 5800
lhs: [attr_1: 2.0{200}, attr_1: 3.0{300}, attr_1: 4.0{400}] 5800
lhs: [attr_1: 2.0{300}, attr_1: 3.0{300}, attr_1: 4.0{400}] 5800
all possible predictions are:
	 [attr_1: 4.0{100}] ==> attr_4: 1.0{800}  nr: 1 4 3600
	 [attr_1: 4.0{200}] ==> attr_4: 1.0{800}  nr: 2 4 4000
	 [attr_1: 4.0{300}] ==> attr_4: 1.0{800}  nr: 3 4 4400
	 [attr_1: 4.0{400}] ==> attr_4: 1.0{800}  nr: 4 4 4800
-----------------------------------------------------------------------------------------------
	 [attr_1: 4.0{400}] ==> attr_4: 1.0{800}  nr: 4 4 4800 score: 19200
-----------------------------------------------------------------------------------------------
prediction: [attr_1: 4.0{400}] ==> attr_4: 1.0{800}	| nr_of_occurences:4 | rule_score:19200
In moment: 5800 predicting [attr_1: 4.0{400}] ==> attr_4: 1.0{800} nr of rules supporting: 4 because of rule:
 [attr_1: 4.0{400}] ==> attr_4: 1.0{800}
	| nr_of_occurences:4 | rule_score:4800 | last_occurence:5605 | occurences:[2005, 3205, 4405, 5605]
5800
5800
5800
5900
lhs: [attr_1: 4.0{100}] 5900
Adding to predictions [attr_1: 4.0{100}] ==> attr_4: 1.0{800} nr of rules supporting: 1 because of rule:
 [attr_1: 4.0{100}] ==> attr_4: 1.0{800}
	| nr_of_occurences:4 | rule_score:3600 | last_occurence:5605 | occurences:[2005, 3205, 4405, 5605]

lhs: [attr_1: 4.0{200}] 5900
Adding to predictions [attr_1: 4.0{200}] ==> attr_4: 1.0{800} nr of rules supporting: 2 because of rule:
 [attr_1: 4.0{200}] ==> attr_4: 1.0{800}
	| nr_of_occurences:4 | rule_score:4000 | last_occurence:5605 | occurences:[2005, 3205, 4405, 5605]

lhs: [attr_1: 4.0{300}] 5900
Adding to predictions [attr_1: 4.0{300}] ==> attr_4: 1.0{800} nr of rules supporting: 3 because of rule:
 [attr_1: 4.0{300}] ==> attr_4: 1.0{800}
	| nr_of_occurences:4 | rule_score:4400 | last_occurence:5605 | occurences:[2005, 3205, 4405, 5605]

lhs: [attr_1: 4.0{400}] 5900
Adding to predictions [attr_1: 4.0{400}] ==> attr_4: 1.0{800} nr of rules supporting: 4 because of rule:
 [attr_1: 4.0{400}] ==> attr_4: 1.0{800}
	| nr_of_occurences:4 | rule_score:4800 | last_occurence:5605 | occurences:[2005, 3205, 4405, 5605]

lhs: [attr_1: 4.0{500}] 5900
lhs: [attr_1: 3.0{100}, attr_1: 4.0{500}] 5900
lhs: [attr_1: 3.0{200}, attr_1: 4.0{500}] 5900
lhs: [attr_1: 3.0{300}, attr_1: 4.0{500}] 5900
lhs: [attr_1: 2.0{100}, attr_1: 3.0{300}, attr_1: 4.0{500}] 5900
lhs: [attr_1: 2.0{200}, attr_1: 3.0{300}, attr_1: 4.0{500}] 5900
lhs: [attr_1: 2.0{300}, attr_1: 3.0{300}, attr_1: 4.0{500}] 5900
all possible predictions are:
	 [attr_1: 4.0{100}] ==> attr_4: 1.0{800}  nr: 1 4 3600
	 [attr_1: 4.0{200}] ==> attr_4: 1.0{800}  nr: 2 4 4000
	 [attr_1: 4.0{300}] ==> attr_4: 1.0{800}  nr: 3 4 4400
	 [attr_1: 4.0{400}] ==> attr_4: 1.0{800}  nr: 4 4 4800
-----------------------------------------------------------------------------------------------
	 [attr_1: 4.0{400}] ==> attr_4: 1.0{800}  nr: 4 4 4800 score: 19200
-----------------------------------------------------------------------------------------------
prediction: [attr_1: 4.0{400}] ==> attr_4: 1.0{800}	| nr_of_occurences:4 | rule_score:19200
In moment: 5900 predicting [attr_1: 4.0{400}] ==> attr_4: 1.0{800} nr of rules supporting: 4 because of rule:
 [attr_1: 4.0{400}] ==> attr_4: 1.0{800}
	| nr_of_occurences:4 | rule_score:4800 | last_occurence:5605 | occurences:[2005, 3205, 4405, 5605]
5900
5900
5900
---------------------------------------------------------------------------------------
[attr_1: 2.0{300}, attr_1: 3.0{300}, attr_1: 4.0{200}] ==> attr_4: 6.0{400}
	| nr_of_occurences:5 | rule_score:6000 | last_occurence:5999 | occurences:[1203, 2403, 3603, 4803, 5999]
----------------------------------------------------------------------------------------
[attr_1: 2.0{300}, attr_1: 3.0{300}, attr_1: 4.0{200}] ==> attr_4: 6.0{300}
	| nr_of_occurences:5 | rule_score:5500 | last_occurence:5999 | occurences:[1203, 2403, 3603, 4803, 5999]
----------------------------------------------------------------------------------------
[attr_1: 2.0{200}, attr_1: 3.0{300}, attr_1: 4.0{200}] ==> attr_4: 6.0{400}
	| nr_of_occurences:5 | rule_score:5500 | last_occurence:5999 | occurences:[1203, 2403, 3603, 4803, 5999]
----------------------------------------------------------------------------------------
[attr_1: 2.0{100}, attr_1: 3.0{300}, attr_1: 4.0{200}] ==> attr_4: 6.0{400}
	| nr_of_occurences:5 | rule_score:5000 | last_occurence:5999 | occurences:[1203, 2403, 3603, 4803, 5999]
----------------------------------------------------------------------------------------
[attr_1: 2.0{300}, attr_1: 3.0{300}, attr_1: 4.0{200}] ==> attr_4: 6.0{200}
	| nr_of_occurences:5 | rule_score:5000 | last_occurence:5999 | occurences:[1203, 2403, 3603, 4803, 5999]
----------------------------------------------------------------------------------------
[attr_1: 2.0{200}, attr_1: 3.0{300}, attr_1: 4.0{200}] ==> attr_4: 6.0{300}
	| nr_of_occurences:5 | rule_score:5000 | last_occurence:5999 | occurences:[1203, 2403, 3603, 4803, 5999]
----------------------------------------------------------------------------------------
[attr_1: 4.0{400}] ==> attr_4: 1.0{800}
	| nr_of_occurences:4 | rule_score:4800 | last_occurence:5605 | occurences:[2005, 3205, 4405, 5605]
----------------------------------------------------------------------------------------
[attr_1: 2.0{100}, attr_1: 3.0{300}, attr_1: 4.0{200}] ==> attr_4: 6.0{300}
	| nr_of_occurences:5 | rule_score:4500 | last_occurence:5999 | occurences:[1203, 2403, 3603, 4803, 5999]
----------------------------------------------------------------------------------------
[attr_1: 3.0{300}, attr_1: 4.0{200}] ==> attr_4: 6.0{400}
	| nr_of_occurences:5 | rule_score:4500 | last_occurence:5999 | occurences:[1203, 2403, 3603, 4803, 5999]
----------------------------------------------------------------------------------------
[attr_1: 2.0{300}, attr_1: 3.0{300}, attr_1: 4.0{200}] ==> attr_4: 6.0{100}
	| nr_of_occurences:5 | rule_score:4500 | last_occurence:5999 | occurences:[1203, 2403, 3603, 4803, 5999]
----------------------------------------------------------------------------------------
[attr_1: 2.0{200}, attr_1: 3.0{300}, attr_1: 4.0{200}] ==> attr_4: 6.0{200}
	| nr_of_occurences:5 | rule_score:4500 | last_occurence:5999 | occurences:[1203, 2403, 3603, 4803, 5999]
----------------------------------------------------------------------------------------
[attr_1: 4.0{400}] ==> attr_4: 1.0{700}
	| nr_of_occurences:4 | rule_score:4400 | last_occurence:5605 | occurences:[2005, 3205, 4405, 5605]
----------------------------------------------------------------------------------------
[attr_1: 4.0{300}] ==> attr_4: 1.0{800}
	| nr_of_occurences:4 | rule_score:4400 | last_occurence:5605 | occurences:[2005, 3205, 4405, 5605]
----------------------------------------------------------------------------------------
[attr_1: 4.0{300}] ==> attr_4: 1.0{700}
	| nr_of_occurences:4 | rule_score:4000 | last_occurence:5605 | occurences:[2005, 3205, 4405, 5605]
----------------------------------------------------------------------------------------
[attr_1: 3.0{200}, attr_1: 4.0{200}] ==> attr_4: 6.0{400}
	| nr_of_occurences:5 | rule_score:4000 | last_occurence:5999 | occurences:[1203, 2403, 3603, 4803, 5999]
----------------------------------------------------------------------------------------
[attr_1: 2.0{100}, attr_1: 3.0{300}, attr_1: 4.0{200}] ==> attr_4: 6.0{200}
	| nr_of_occurences:5 | rule_score:4000 | last_occurence:5999 | occurences:[1203, 2403, 3603, 4803, 5999]
----------------------------------------------------------------------------------------
[attr_1: 3.0{300}, attr_1: 4.0{200}] ==> attr_4: 6.0{300}
	| nr_of_occurences:5 | rule_score:4000 | last_occurence:5999 | occurences:[1203, 2403, 3603, 4803, 5999]
----------------------------------------------------------------------------------------
[attr_1: 2.0{200}, attr_1: 3.0{300}, attr_1: 4.0{200}] ==> attr_4: 6.0{100}
	| nr_of_occurences:5 | rule_score:4000 | last_occurence:5999 | occurences:[1203, 2403, 3603, 4803, 5999]
----------------------------------------------------------------------------------------
[attr_1: 4.0{200}] ==> attr_4: 1.0{800}
	| nr_of_occurences:4 | rule_score:4000 | last_occurence:5605 | occurences:[2005, 3205, 4405, 5605]
----------------------------------------------------------------------------------------
[attr_1: 4.0{400}] ==> attr_4: 1.0{600}
	| nr_of_occurences:4 | rule_score:4000 | last_occurence:5605 | occurences:[2005, 3205, 4405, 5605]
----------------------------------------------------------------------------------------
[attr_1: 4.0{400}] ==> attr_4: 1.0{500}
	| nr_of_occurences:4 | rule_score:3600 | last_occurence:5605 | occurences:[2005, 3205, 4405, 5605]
----------------------------------------------------------------------------------------
[attr_1: 4.0{300}] ==> attr_4: 1.0{600}
	| nr_of_occurences:4 | rule_score:3600 | last_occurence:5605 | occurences:[2005, 3205, 4405, 5605]
----------------------------------------------------------------------------------------
[attr_1: 4.0{200}] ==> attr_4: 1.0{700}
	| nr_of_occurences:4 | rule_score:3600 | last_occurence:5605 | occurences:[2005, 3205, 4405, 5605]
----------------------------------------------------------------------------------------
[attr_1: 4.0{100}] ==> attr_4: 1.0{800}
	| nr_of_occurences:4 | rule_score:3600 | last_occurence:5605 | occurences:[2005, 3205, 4405, 5605]
----------------------------------------------------------------------------------------
[attr_1: 3.0{300}, attr_1: 4.0{200}] ==> attr_4: 6.0{200}
	| nr_of_occurences:5 | rule_score:3500 | last_occurence:5999 | occurences:[1203, 2403, 3603, 4803, 5999]
----------------------------------------------------------------------------------------
[attr_1: 3.0{200}, attr_1: 4.0{200}] ==> attr_4: 6.0{300}
	| nr_of_occurences:5 | rule_score:3500 | last_occurence:5999 | occurences:[1203, 2403, 3603, 4803, 5999]
----------------------------------------------------------------------------------------
[attr_1: 3.0{100}, attr_1: 4.0{200}] ==> attr_4: 6.0{400}
	| nr_of_occurences:5 | rule_score:3500 | last_occurence:5999 | occurences:[1203, 2403, 3603, 4803, 5999]
----------------------------------------------------------------------------------------
[attr_1: 2.0{100}, attr_1: 3.0{300}, attr_1: 4.0{200}] ==> attr_4: 6.0{100}
	| nr_of_occurences:5 | rule_score:3500 | last_occurence:5999 | occurences:[1203, 2403, 3603, 4803, 5999]
----------------------------------------------------------------------------------------
[attr_1: 4.0{300}] ==> attr_4: 1.0{500}
	| nr_of_occurences:4 | rule_score:3200 | last_occurence:5605 | occurences:[2005, 3205, 4405, 5605]
----------------------------------------------------------------------------------------
[attr_1: 4.0{400}] ==> attr_4: 1.0{400}
	| nr_of_occurences:4 | rule_score:3200 | last_occurence:5605 | occurences:[2005, 3205, 4405, 5605]
----------------------------------------------------------------------------------------
[attr_1: 4.0{200}] ==> attr_4: 1.0{600}
	| nr_of_occurences:4 | rule_score:3200 | last_occurence:5605 | occurences:[2005, 3205, 4405, 5605]
----------------------------------------------------------------------------------------
[attr_1: 4.0{100}] ==> attr_4: 1.0{700}
	| nr_of_occurences:4 | rule_score:3200 | last_occurence:5605 | occurences:[2005, 3205, 4405, 5605]
----------------------------------------------------------------------------------------
[attr_1: 3.0{100}, attr_1: 4.0{200}] ==> attr_4: 6.0{300}
	| nr_of_occurences:5 | rule_score:3000 | last_occurence:5999 | occurences:[1203, 2403, 3603, 4803, 5999]
----------------------------------------------------------------------------------------
[attr_1: 4.0{200}] ==> attr_4: 6.0{400}
	| nr_of_occurences:5 | rule_score:3000 | last_occurence:5999 | occurences:[1203, 2403, 3603, 4803, 5999]
----------------------------------------------------------------------------------------
[attr_1: 3.0{300}, attr_1: 4.0{200}] ==> attr_4: 6.0{100}
	| nr_of_occurences:5 | rule_score:3000 | last_occurence:5999 | occurences:[1203, 2403, 3603, 4803, 5999]
----------------------------------------------------------------------------------------
[attr_1: 3.0{200}, attr_1: 4.0{200}] ==> attr_4: 6.0{200}
	| nr_of_occurences:5 | rule_score:3000 | last_occurence:5999 | occurences:[1203, 2403, 3603, 4803, 5999]
----------------------------------------------------------------------------------------
[attr_1: 4.0{100}] ==> attr_4: 1.0{600}
	| nr_of_occurences:4 | rule_score:2800 | last_occurence:5605 | occurences:[2005, 3205, 4405, 5605]
----------------------------------------------------------------------------------------
[attr_1: 4.0{400}] ==> attr_4: 1.0{300}
	| nr_of_occurences:4 | rule_score:2800 | last_occurence:5605 | occurences:[2005, 3205, 4405, 5605]
----------------------------------------------------------------------------------------
[attr_1: 4.0{200}] ==> attr_4: 1.0{500}
	| nr_of_occurences:4 | rule_score:2800 | last_occurence:5605 | occurences:[2005, 3205, 4405, 5605]
----------------------------------------------------------------------------------------
[attr_1: 4.0{300}] ==> attr_4: 1.0{400}
	| nr_of_occurences:4 | rule_score:2800 | last_occurence:5605 | occurences:[2005, 3205, 4405, 5605]
----------------------------------------------------------------------------------------
[attr_1: 4.0{200}] ==> attr_4: 6.0{300}
	| nr_of_occurences:5 | rule_score:2500 | last_occurence:5999 | occurences:[1203, 2403, 3603, 4803, 5999]
----------------------------------------------------------------------------------------
[attr_1: 3.0{100}, attr_1: 4.0{200}] ==> attr_4: 6.0{200}
	| nr_of_occurences:5 | rule_score:2500 | last_occurence:5999 | occurences:[1203, 2403, 3603, 4803, 5999]
----------------------------------------------------------------------------------------
[attr_1: 4.0{100}] ==> attr_4: 6.0{400}
	| nr_of_occurences:5 | rule_score:2500 | last_occurence:5999 | occurences:[1203, 2403, 3603, 4803, 5999]
----------------------------------------------------------------------------------------
[attr_1: 3.0{200}, attr_1: 4.0{200}] ==> attr_4: 6.0{100}
	| nr_of_occurences:5 | rule_score:2500 | last_occurence:5999 | occurences:[1203, 2403, 3603, 4803, 5999]
----------------------------------------------------------------------------------------
[attr_1: 4.0{100}] ==> attr_4: 1.0{500}
	| nr_of_occurences:4 | rule_score:2400 | last_occurence:5605 | occurences:[2005, 3205, 4405, 5605]
----------------------------------------------------------------------------------------
[attr_1: 4.0{300}] ==> attr_4: 1.0{300}
	| nr_of_occurences:4 | rule_score:2400 | last_occurence:5605 | occurences:[2005, 3205, 4405, 5605]
----------------------------------------------------------------------------------------
[attr_1: 4.0{200}] ==> attr_4: 1.0{400}
	| nr_of_occurences:4 | rule_score:2400 | last_occurence:5605 | occurences:[2005, 3205, 4405, 5605]
----------------------------------------------------------------------------------------
[attr_1: 4.0{400}] ==> attr_4: 1.0{200}
	| nr_of_occurences:4 | rule_score:2400 | last_occurence:5605 | occurences:[2005, 3205, 4405, 5605]
----------------------------------------------------------------------------------------
[attr_1: 4.0{200}] ==> attr_4: 1.0{300}
	| nr_of_occurences:4 | rule_score:2000 | last_occurence:5605 | occurences:[2005, 3205, 4405, 5605]
----------------------------------------------------------------------------------------
[attr_1: 4.0{400}] ==> attr_4: 1.0{100}
	| nr_of_occurences:4 | rule_score:2000 | last_occurence:5605 | occurences:[2005, 3205, 4405, 5605]
----------------------------------------------------------------------------------------
[attr_1: 4.0{300}] ==> attr_4: 1.0{200}
	| nr_of_occurences:4 | rule_score:2000 | last_occurence:5605 | occurences:[2005, 3205, 4405, 5605]
----------------------------------------------------------------------------------------
[attr_1: 3.0{100}, attr_1: 4.0{200}] ==> attr_4: 6.0{100}
	| nr_of_occurences:5 | rule_score:2000 | last_occurence:5999 | occurences:[1203, 2403, 3603, 4803, 5999]
----------------------------------------------------------------------------------------
[attr_1: 4.0{100}] ==> attr_4: 1.0{400}
	| nr_of_occurences:4 | rule_score:2000 | last_occurence:5605 | occurences:[2005, 3205, 4405, 5605]
----------------------------------------------------------------------------------------
[attr_1: 4.0{200}] ==> attr_4: 6.0{200}
	| nr_of_occurences:5 | rule_score:2000 | last_occurence:5999 | occurences:[1203, 2403, 3603, 4803, 5999]
----------------------------------------------------------------------------------------
[attr_1: 4.0{100}] ==> attr_4: 6.0{300}
	| nr_of_occurences:5 | rule_score:2000 | last_occurence:5999 | occurences:[1203, 2403, 3603, 4803, 5999]
----------------------------------------------------------------------------------------
[attr_1: 4.0{100}] ==> attr_4: 1.0{300}
	| nr_of_occurences:4 | rule_score:1600 | last_occurence:5605 | occurences:[2005, 3205, 4405, 5605]
----------------------------------------------------------------------------------------
[attr_1: 4.0{300}] ==> attr_4: 1.0{100}
	| nr_of_occurences:4 | rule_score:1600 | last_occurence:5605 | occurences:[2005, 3205, 4405, 5605]
----------------------------------------------------------------------------------------
[attr_1: 4.0{200}] ==> attr_4: 1.0{200}
	| nr_of_occurences:4 | rule_score:1600 | last_occurence:5605 | occurences:[2005, 3205, 4405, 5605]
----------------------------------------------------------------------------------------
[attr_1: 4.0{200}] ==> attr_4: 6.0{100}
	| nr_of_occurences:5 | rule_score:1500 | last_occurence:5999 | occurences:[1203, 2403, 3603, 4803, 5999]
----------------------------------------------------------------------------------------
[attr_1: 4.0{100}] ==> attr_4: 6.0{200}
	| nr_of_occurences:5 | rule_score:1500 | last_occurence:5999 | occurences:[1203, 2403, 3603, 4803, 5999]
----------------------------------------------------------------------------------------
[attr_1: 4.0{100}] ==> attr_4: 1.0{200}
	| nr_of_occurences:4 | rule_score:1200 | last_occurence:5605 | occurences:[2005, 3205, 4405, 5605]
----------------------------------------------------------------------------------------
[attr_1: 4.0{200}] ==> attr_4: 1.0{100}
	| nr_of_occurences:4 | rule_score:1200 | last_occurence:5605 | occurences:[2005, 3205, 4405, 5605]
----------------------------------------------------------------------------------------
[attr_1: 4.0{100}] ==> attr_4: 6.0{100}
	| nr_of_occurences:5 | rule_score:1000 | last_occurence:5999 | occurences:[1203, 2403, 3603, 4803, 5999]
----------------------------------------------------------------------------------------
[attr_1: 4.0{100}] ==> attr_4: 1.0{100}
	| nr_of_occurences:4 | rule_score:800 | last_occurence:5605 | occurences:[2005, 3205, 4405, 5605]
----------------------------------------------------------------------------------------
----------------------------------------------------------------------------------------
[attr_2: 4.0{500}, attr_2: 5.0{200}, attr_2: 1.0{100}] ==> attr_4: 6.0{400}
	| nr_of_occurences:5 | rule_score:6000 | last_occurence:5999 | occurences:[1203, 2403, 3603, 4803, 5999]
----------------------------------------------------------------------------------------
[attr_2: 4.0{400}, attr_2: 5.0{200}, attr_2: 1.0{100}] ==> attr_4: 6.0{400}
	| nr_of_occurences:5 | rule_score:5500 | last_occurence:5999 | occurences:[1203, 2403, 3603, 4803, 5999]
----------------------------------------------------------------------------------------
[attr_2: 4.0{500}, attr_2: 5.0{200}, attr_2: 1.0{100}] ==> attr_4: 6.0{300}
	| nr_of_occurences:5 | rule_score:5500 | last_occurence:5999 | occurences:[1203, 2403, 3603, 4803, 5999]
----------------------------------------------------------------------------------------
[attr_2: 4.0{300}, attr_2: 5.0{200}, attr_2: 1.0{100}] ==> attr_4: 6.0{400}
	| nr_of_occurences:5 | rule_score:5000 | last_occurence:5999 | occurences:[1203, 2403, 3603, 4803, 5999]
----------------------------------------------------------------------------------------
[attr_2: 4.0{500}, attr_2: 5.0{200}, attr_2: 1.0{100}] ==> attr_4: 6.0{200}
	| nr_of_occurences:5 | rule_score:5000 | last_occurence:5999 | occurences:[1203, 2403, 3603, 4803, 5999]
----------------------------------------------------------------------------------------
[attr_2: 4.0{400}, attr_2: 5.0{200}, attr_2: 1.0{100}] ==> attr_4: 6.0{300}
	| nr_of_occurences:5 | rule_score:5000 | last_occurence:5999 | occurences:[1203, 2403, 3603, 4803, 5999]
----------------------------------------------------------------------------------------
[attr_2: 1.0{400}] ==> attr_4: 1.0{800}
	| nr_of_occurences:4 | rule_score:4800 | last_occurence:5605 | occurences:[2005, 3205, 4405, 5605]
----------------------------------------------------------------------------------------
[attr_2: 4.0{400}, attr_2: 5.0{200}, attr_2: 1.0{100}] ==> attr_4: 6.0{200}
	| nr_of_occurences:5 | rule_score:4500 | last_occurence:5999 | occurences:[1203, 2403, 3603, 4803, 5999]
----------------------------------------------------------------------------------------
[attr_2: 4.0{300}, attr_2: 5.0{200}, attr_2: 1.0{100}] ==> attr_4: 6.0{300}
	| nr_of_occurences:5 | rule_score:4500 | last_occurence:5999 | occurences:[1203, 2403, 3603, 4803, 5999]
----------------------------------------------------------------------------------------
[attr_2: 4.0{200}, attr_2: 5.0{200}, attr_2: 1.0{100}] ==> attr_4: 6.0{400}
	| nr_of_occurences:5 | rule_score:4500 | last_occurence:5999 | occurences:[1203, 2403, 3603, 4803, 5999]
----------------------------------------------------------------------------------------
[attr_2: 4.0{500}, attr_2: 5.0{200}, attr_2: 1.0{100}] ==> attr_4: 6.0{100}
	| nr_of_occurences:5 | rule_score:4500 | last_occurence:5999 | occurences:[1203, 2403, 3603, 4803, 5999]
----------------------------------------------------------------------------------------
[attr_2: 1.0{300}] ==> attr_4: 1.0{800}
	| nr_of_occurences:4 | rule_score:4400 | last_occurence:5605 | occurences:[2005, 3205, 4405, 5605]
----------------------------------------------------------------------------------------
[attr_2: 1.0{400}] ==> attr_4: 1.0{700}
	| nr_of_occurences:4 | rule_score:4400 | last_occurence:5605 | occurences:[2005, 3205, 4405, 5605]
----------------------------------------------------------------------------------------
[attr_2: 4.0{300}, attr_2: 5.0{200}, attr_2: 1.0{100}] ==> attr_4: 6.0{200}
	| nr_of_occurences:5 | rule_score:4000 | last_occurence:5999 | occurences:[1203, 2403, 3603, 4803, 5999]
----------------------------------------------------------------------------------------
[attr_2: 4.0{400}, attr_2: 5.0{200}, attr_2: 1.0{100}] ==> attr_4: 6.0{100}
	| nr_of_occurences:5 | rule_score:4000 | last_occurence:5999 | occurences:[1203, 2403, 3603, 4803, 5999]
----------------------------------------------------------------------------------------
[attr_2: 1.0{400}] ==> attr_4: 1.0{600}
	| nr_of_occurences:4 | rule_score:4000 | last_occurence:5605 | occurences:[2005, 3205, 4405, 5605]
----------------------------------------------------------------------------------------
[attr_2: 1.0{200}] ==> attr_4: 1.0{800}
	| nr_of_occurences:4 | rule_score:4000 | last_occurence:5605 | occurences:[2005, 3205, 4405, 5605]
----------------------------------------------------------------------------------------
[attr_2: 4.0{100}, attr_2: 5.0{200}, attr_2: 1.0{100}] ==> attr_4: 6.0{400}
	| nr_of_occurences:5 | rule_score:4000 | last_occurence:5999 | occurences:[1203, 2403, 3603, 4803, 5999]
----------------------------------------------------------------------------------------
[attr_2: 4.0{200}, attr_2: 5.0{200}, attr_2: 1.0{100}] ==> attr_4: 6.0{300}
	| nr_of_occurences:5 | rule_score:4000 | last_occurence:5999 | occurences:[1203, 2403, 3603, 4803, 5999]
----------------------------------------------------------------------------------------
[attr_2: 1.0{300}] ==> attr_4: 1.0{700}
	| nr_of_occurences:4 | rule_score:4000 | last_occurence:5605 | occurences:[2005, 3205, 4405, 5605]
----------------------------------------------------------------------------------------
[attr_2: 1.0{400}] ==> attr_4: 1.0{500}
	| nr_of_occurences:4 | rule_score:3600 | last_occurence:5605 | occurences:[2005, 3205, 4405, 5605]
----------------------------------------------------------------------------------------
[attr_2: 1.0{300}] ==> attr_4: 1.0{600}
	| nr_of_occurences:4 | rule_score:3600 | last_occurence:5605 | occurences:[2005, 3205, 4405, 5605]
----------------------------------------------------------------------------------------
[attr_2: 1.0{200}] ==> attr_4: 1.0{700}
	| nr_of_occurences:4 | rule_score:3600 | last_occurence:5605 | occurences:[2005, 3205, 4405, 5605]
----------------------------------------------------------------------------------------
[attr_2: 1.0{100}] ==> attr_4: 1.0{800}
	| nr_of_occurences:4 | rule_score:3600 | last_occurence:5605 | occurences:[2005, 3205, 4405, 5605]
----------------------------------------------------------------------------------------
[attr_2: 4.0{300}, attr_2: 5.0{200}, attr_2: 1.0{100}] ==> attr_4: 6.0{100}
	| nr_of_occurences:5 | rule_score:3500 | last_occurence:5999 | occurences:[1203, 2403, 3603, 4803, 5999]
----------------------------------------------------------------------------------------
[attr_2: 4.0{100}, attr_2: 5.0{200}, attr_2: 1.0{100}] ==> attr_4: 6.0{300}
	| nr_of_occurences:5 | rule_score:3500 | last_occurence:5999 | occurences:[1203, 2403, 3603, 4803, 5999]
----------------------------------------------------------------------------------------
[attr_2: 4.0{200}, attr_2: 5.0{200}, attr_2: 1.0{100}] ==> attr_4: 6.0{200}
	| nr_of_occurences:5 | rule_score:3500 | last_occurence:5999 | occurences:[1203, 2403, 3603, 4803, 5999]
----------------------------------------------------------------------------------------
[attr_2: 5.0{200}, attr_2: 1.0{100}] ==> attr_4: 6.0{400}
	| nr_of_occurences:5 | rule_score:3500 | last_occurence:5999 | occurences:[1203, 2403, 3603, 4803, 5999]
----------------------------------------------------------------------------------------
[attr_2: 1.0{300}] ==> attr_4: 1.0{500}
	| nr_of_occurences:4 | rule_score:3200 | last_occurence:5605 | occurences:[2005, 3205, 4405, 5605]
----------------------------------------------------------------------------------------
[attr_2: 1.0{100}] ==> attr_4: 1.0{700}
	| nr_of_occurences:4 | rule_score:3200 | last_occurence:5605 | occurences:[2005, 3205, 4405, 5605]
----------------------------------------------------------------------------------------
[attr_2: 1.0{400}] ==> attr_4: 1.0{400}
	| nr_of_occurences:4 | rule_score:3200 | last_occurence:5605 | occurences:[2005, 3205, 4405, 5605]
----------------------------------------------------------------------------------------
[attr_2: 1.0{200}] ==> attr_4: 1.0{600}
	| nr_of_occurences:4 | rule_score:3200 | last_occurence:5605 | occurences:[2005, 3205, 4405, 5605]
----------------------------------------------------------------------------------------
[attr_2: 5.0{200}, attr_2: 1.0{100}] ==> attr_4: 6.0{300}
	| nr_of_occurences:5 | rule_score:3000 | last_occurence:5999 | occurences:[1203, 2403, 3603, 4803, 5999]
----------------------------------------------------------------------------------------
[attr_2: 4.0{100}, attr_2: 5.0{200}, attr_2: 1.0{100}] ==> attr_4: 6.0{200}
	| nr_of_occurences:5 | rule_score:3000 | last_occurence:5999 | occurences:[1203, 2403, 3603, 4803, 5999]
----------------------------------------------------------------------------------------
[attr_2: 5.0{100}, attr_2: 1.0{100}] ==> attr_4: 6.0{400}
	| nr_of_occurences:5 | rule_score:3000 | last_occurence:5999 | occurences:[1203, 2403, 3603, 4803, 5999]
----------------------------------------------------------------------------------------
[attr_2: 4.0{200}, attr_2: 5.0{200}, attr_2: 1.0{100}] ==> attr_4: 6.0{100}
	| nr_of_occurences:5 | rule_score:3000 | last_occurence:5999 | occurences:[1203, 2403, 3603, 4803, 5999]
----------------------------------------------------------------------------------------
[attr_2: 1.0{400}] ==> attr_4: 1.0{300}
	| nr_of_occurences:4 | rule_score:2800 | last_occurence:5605 | occurences:[2005, 3205, 4405, 5605]
----------------------------------------------------------------------------------------
[attr_2: 1.0{200}] ==> attr_4: 1.0{500}
	| nr_of_occurences:4 | rule_score:2800 | last_occurence:5605 | occurences:[2005, 3205, 4405, 5605]
----------------------------------------------------------------------------------------
[attr_2: 1.0{100}] ==> attr_4: 1.0{600}
	| nr_of_occurences:4 | rule_score:2800 | last_occurence:5605 | occurences:[2005, 3205, 4405, 5605]
----------------------------------------------------------------------------------------
[attr_2: 1.0{300}] ==> attr_4: 1.0{400}
	| nr_of_occurences:4 | rule_score:2800 | last_occurence:5605 | occurences:[2005, 3205, 4405, 5605]
----------------------------------------------------------------------------------------
[attr_2: 5.0{200}, attr_2: 1.0{100}] ==> attr_4: 6.0{200}
	| nr_of_occurences:5 | rule_score:2500 | last_occurence:5999 | occurences:[1203, 2403, 3603, 4803, 5999]
----------------------------------------------------------------------------------------
[attr_2: 4.0{100}, attr_2: 5.0{200}, attr_2: 1.0{100}] ==> attr_4: 6.0{100}
	| nr_of_occurences:5 | rule_score:2500 | last_occurence:5999 | occurences:[1203, 2403, 3603, 4803, 5999]
----------------------------------------------------------------------------------------
[attr_2: 5.0{100}, attr_2: 1.0{100}] ==> attr_4: 6.0{300}
	| nr_of_occurences:5 | rule_score:2500 | last_occurence:5999 | occurences:[1203, 2403, 3603, 4803, 5999]
----------------------------------------------------------------------------------------
[attr_2: 1.0{100}] ==> attr_4: 6.0{400}
	| nr_of_occurences:5 | rule_score:2500 | last_occurence:5999 | occurences:[1203, 2403, 3603, 4803, 5999]
----------------------------------------------------------------------------------------
[attr_2: 1.0{300}] ==> attr_4: 1.0{300}
	| nr_of_occurences:4 | rule_score:2400 | last_occurence:5605 | occurences:[2005, 3205, 4405, 5605]
----------------------------------------------------------------------------------------
[attr_2: 1.0{100}] ==> attr_4: 1.0{500}
	| nr_of_occurences:4 | rule_score:2400 | last_occurence:5605 | occurences:[2005, 3205, 4405, 5605]
----------------------------------------------------------------------------------------
[attr_2: 1.0{200}] ==> attr_4: 1.0{400}
	| nr_of_occurences:4 | rule_score:2400 | last_occurence:5605 | occurences:[2005, 3205, 4405, 5605]
----------------------------------------------------------------------------------------
[attr_2: 1.0{400}] ==> attr_4: 1.0{200}
	| nr_of_occurences:4 | rule_score:2400 | last_occurence:5605 | occurences:[2005, 3205, 4405, 5605]
----------------------------------------------------------------------------------------
[attr_2: 1.0{100}] ==> attr_4: 6.0{300}
	| nr_of_occurences:5 | rule_score:2000 | last_occurence:5999 | occurences:[1203, 2403, 3603, 4803, 5999]
----------------------------------------------------------------------------------------
[attr_2: 1.0{300}] ==> attr_4: 1.0{200}
	| nr_of_occurences:4 | rule_score:2000 | last_occurence:5605 | occurences:[2005, 3205, 4405, 5605]
----------------------------------------------------------------------------------------
[attr_2: 5.0{200}, attr_2: 1.0{100}] ==> attr_4: 6.0{100}
	| nr_of_occurences:5 | rule_score:2000 | last_occurence:5999 | occurences:[1203, 2403, 3603, 4803, 5999]
----------------------------------------------------------------------------------------
[attr_2: 5.0{100}, attr_2: 1.0{100}] ==> attr_4: 6.0{200}
	| nr_of_occurences:5 | rule_score:2000 | last_occurence:5999 | occurences:[1203, 2403, 3603, 4803, 5999]
----------------------------------------------------------------------------------------
[attr_2: 1.0{200}] ==> attr_4: 1.0{300}
	| nr_of_occurences:4 | rule_score:2000 | last_occurence:5605 | occurences:[2005, 3205, 4405, 5605]
----------------------------------------------------------------------------------------
[attr_2: 1.0{100}] ==> attr_4: 1.0{400}
	| nr_of_occurences:4 | rule_score:2000 | last_occurence:5605 | occurences:[2005, 3205, 4405, 5605]
----------------------------------------------------------------------------------------
[attr_2: 1.0{400}] ==> attr_4: 1.0{100}
	| nr_of_occurences:4 | rule_score:2000 | last_occurence:5605 | occurences:[2005, 3205, 4405, 5605]
----------------------------------------------------------------------------------------
[attr_2: 1.0{300}] ==> attr_4: 1.0{100}
	| nr_of_occurences:4 | rule_score:1600 | last_occurence:5605 | occurences:[2005, 3205, 4405, 5605]
----------------------------------------------------------------------------------------
[attr_2: 1.0{200}] ==> attr_4: 1.0{200}
	| nr_of_occurences:4 | rule_score:1600 | last_occurence:5605 | occurences:[2005, 3205, 4405, 5605]
----------------------------------------------------------------------------------------
[attr_2: 1.0{100}] ==> attr_4: 1.0{300}
	| nr_of_occurences:4 | rule_score:1600 | last_occurence:5605 | occurences:[2005, 3205, 4405, 5605]
----------------------------------------------------------------------------------------
[attr_2: 5.0{100}, attr_2: 1.0{100}] ==> attr_4: 6.0{100}
	| nr_of_occurences:5 | rule_score:1500 | last_occurence:5999 | occurences:[1203, 2403, 3603, 4803, 5999]
----------------------------------------------------------------------------------------
[attr_2: 1.0{100}] ==> attr_4: 6.0{200}
	| nr_of_occurences:5 | rule_score:1500 | last_occurence:5999 | occurences:[1203, 2403, 3603, 4803, 5999]
----------------------------------------------------------------------------------------
[attr_2: 1.0{100}] ==> attr_4: 1.0{200}
	| nr_of_occurences:4 | rule_score:1200 | last_occurence:5605 | occurences:[2005, 3205, 4405, 5605]
----------------------------------------------------------------------------------------
[attr_2: 1.0{200}] ==> attr_4: 1.0{100}
	| nr_of_occurences:4 | rule_score:1200 | last_occurence:5605 | occurences:[2005, 3205, 4405, 5605]
----------------------------------------------------------------------------------------
[attr_2: 1.0{100}] ==> attr_4: 6.0{100}
	| nr_of_occurences:5 | rule_score:1000 | last_occurence:5999 | occurences:[1203, 2403, 3603, 4803, 5999]
----------------------------------------------------------------------------------------
[attr_2: 1.0{100}] ==> attr_4: 1.0{100}
	| nr_of_occurences:4 | rule_score:800 | last_occurence:5605 | occurences:[2005, 3205, 4405, 5605]
----------------------------------------------------------------------------------------
----------------------------------------------------------------------------------------
[attr_3: 1.0{700}, attr_3: 4.0{100}] ==> attr_4: 6.0{400}
	| nr_of_occurences:5 | rule_score:6000 | last_occurence:5999 | occurences:[1203, 2403, 3603, 4803, 5999]
----------------------------------------------------------------------------------------
[attr_3: 1.0{700}, attr_3: 4.0{100}] ==> attr_4: 6.0{300}
	| nr_of_occurences:5 | rule_score:5500 | last_occurence:5999 | occurences:[1203, 2403, 3603, 4803, 5999]
----------------------------------------------------------------------------------------
[attr_3: 1.0{600}, attr_3: 4.0{100}] ==> attr_4: 6.0{400}
	| nr_of_occurences:5 | rule_score:5500 | last_occurence:5999 | occurences:[1203, 2403, 3603, 4803, 5999]
----------------------------------------------------------------------------------------
[attr_3: 1.0{600}, attr_3: 4.0{100}] ==> attr_4: 6.0{300}
	| nr_of_occurences:5 | rule_score:5000 | last_occurence:5999 | occurences:[1203, 2403, 3603, 4803, 5999]
----------------------------------------------------------------------------------------
[attr_3: 1.0{700}, attr_3: 4.0{100}] ==> attr_4: 6.0{200}
	| nr_of_occurences:5 | rule_score:5000 | last_occurence:5999 | occurences:[1203, 2403, 3603, 4803, 5999]
----------------------------------------------------------------------------------------
[attr_3: 1.0{500}, attr_3: 4.0{100}] ==> attr_4: 6.0{400}
	| nr_of_occurences:5 | rule_score:5000 | last_occurence:5999 | occurences:[1203, 2403, 3603, 4803, 5999]
----------------------------------------------------------------------------------------
[attr_3: 4.0{400}] ==> attr_4: 1.0{800}
	| nr_of_occurences:4 | rule_score:4800 | last_occurence:5605 | occurences:[2005, 3205, 4405, 5605]
----------------------------------------------------------------------------------------
[attr_3: 1.0{400}, attr_3: 4.0{100}] ==> attr_4: 6.0{400}
	| nr_of_occurences:5 | rule_score:4500 | last_occurence:5999 | occurences:[1203, 2403, 3603, 4803, 5999]
----------------------------------------------------------------------------------------
[attr_3: 1.0{500}, attr_3: 4.0{100}] ==> attr_4: 6.0{300}
	| nr_of_occurences:5 | rule_score:4500 | last_occurence:5999 | occurences:[1203, 2403, 3603, 4803, 5999]
----------------------------------------------------------------------------------------
[attr_3: 1.0{600}, attr_3: 4.0{100}] ==> attr_4: 6.0{200}
	| nr_of_occurences:5 | rule_score:4500 | last_occurence:5999 | occurences:[1203, 2403, 3603, 4803, 5999]
----------------------------------------------------------------------------------------
[attr_3: 1.0{700}, attr_3: 4.0{100}] ==> attr_4: 6.0{100}
	| nr_of_occurences:5 | rule_score:4500 | last_occurence:5999 | occurences:[1203, 2403, 3603, 4803, 5999]
----------------------------------------------------------------------------------------
[attr_3: 4.0{300}] ==> attr_4: 1.0{800}
	| nr_of_occurences:4 | rule_score:4400 | last_occurence:5605 | occurences:[2005, 3205, 4405, 5605]
----------------------------------------------------------------------------------------
[attr_3: 4.0{400}] ==> attr_4: 1.0{700}
	| nr_of_occurences:4 | rule_score:4400 | last_occurence:5605 | occurences:[2005, 3205, 4405, 5605]
----------------------------------------------------------------------------------------
[attr_3: 4.0{200}] ==> attr_4: 1.0{800}
	| nr_of_occurences:4 | rule_score:4000 | last_occurence:5605 | occurences:[2005, 3205, 4405, 5605]
----------------------------------------------------------------------------------------
[attr_3: 1.0{500}, attr_3: 4.0{100}] ==> attr_4: 6.0{200}
	| nr_of_occurences:5 | rule_score:4000 | last_occurence:5999 | occurences:[1203, 2403, 3603, 4803, 5999]
----------------------------------------------------------------------------------------
[attr_3: 1.0{400}, attr_3: 4.0{100}] ==> attr_4: 6.0{300}
	| nr_of_occurences:5 | rule_score:4000 | last_occurence:5999 | occurences:[1203, 2403, 3603, 4803, 5999]
----------------------------------------------------------------------------------------
[attr_3: 1.0{300}, attr_3: 4.0{100}] ==> attr_4: 6.0{400}
	| nr_of_occurences:5 | rule_score:4000 | last_occurence:5999 | occurences:[1203, 2403, 3603, 4803, 5999]
----------------------------------------------------------------------------------------
[attr_3: 1.0{600}, attr_3: 4.0{100}] ==> attr_4: 6.0{100}
	| nr_of_occurences:5 | rule_score:4000 | last_occurence:5999 | occurences:[1203, 2403, 3603, 4803, 5999]
----------------------------------------------------------------------------------------
[attr_3: 4.0{400}] ==> attr_4: 1.0{600}
	| nr_of_occurences:4 | rule_score:4000 | last_occurence:5605 | occurences:[2005, 3205, 4405, 5605]
----------------------------------------------------------------------------------------
[attr_3: 4.0{300}] ==> attr_4: 1.0{700}
	| nr_of_occurences:4 | rule_score:4000 | last_occurence:5605 | occurences:[2005, 3205, 4405, 5605]
----------------------------------------------------------------------------------------
[attr_3: 4.0{300}] ==> attr_4: 1.0{600}
	| nr_of_occurences:4 | rule_score:3600 | last_occurence:5605 | occurences:[2005, 3205, 4405, 5605]
----------------------------------------------------------------------------------------
[attr_3: 4.0{400}] ==> attr_4: 1.0{500}
	| nr_of_occurences:4 | rule_score:3600 | last_occurence:5605 | occurences:[2005, 3205, 4405, 5605]
----------------------------------------------------------------------------------------
[attr_3: 4.0{100}] ==> attr_4: 1.0{800}
	| nr_of_occurences:4 | rule_score:3600 | last_occurence:5605 | occurences:[2005, 3205, 4405, 5605]
----------------------------------------------------------------------------------------
[attr_3: 4.0{200}] ==> attr_4: 1.0{700}
	| nr_of_occurences:4 | rule_score:3600 | last_occurence:5605 | occurences:[2005, 3205, 4405, 5605]
----------------------------------------------------------------------------------------
[attr_3: 1.0{200}, attr_3: 4.0{100}] ==> attr_4: 6.0{400}
	| nr_of_occurences:5 | rule_score:3500 | last_occurence:5999 | occurences:[1203, 2403, 3603, 4803, 5999]
----------------------------------------------------------------------------------------
[attr_3: 1.0{500}, attr_3: 4.0{100}] ==> attr_4: 6.0{100}
	| nr_of_occurences:5 | rule_score:3500 | last_occurence:5999 | occurences:[1203, 2403, 3603, 4803, 5999]
----------------------------------------------------------------------------------------
[attr_3: 1.0{300}, attr_3: 4.0{100}] ==> attr_4: 6.0{300}
	| nr_of_occurences:5 | rule_score:3500 | last_occurence:5999 | occurences:[1203, 2403, 3603, 4803, 5999]
----------------------------------------------------------------------------------------
[attr_3: 1.0{400}, attr_3: 4.0{100}] ==> attr_4: 6.0{200}
	| nr_of_occurences:5 | rule_score:3500 | last_occurence:5999 | occurences:[1203, 2403, 3603, 4803, 5999]
----------------------------------------------------------------------------------------
[attr_3: 4.0{400}] ==> attr_4: 1.0{400}
	| nr_of_occurences:4 | rule_score:3200 | last_occurence:5605 | occurences:[2005, 3205, 4405, 5605]
----------------------------------------------------------------------------------------
[attr_3: 4.0{100}] ==> attr_4: 1.0{700}
	| nr_of_occurences:4 | rule_score:3200 | last_occurence:5605 | occurences:[2005, 3205, 4405, 5605]
----------------------------------------------------------------------------------------
[attr_3: 4.0{200}] ==> attr_4: 1.0{600}
	| nr_of_occurences:4 | rule_score:3200 | last_occurence:5605 | occurences:[2005, 3205, 4405, 5605]
----------------------------------------------------------------------------------------
[attr_3: 4.0{300}] ==> attr_4: 1.0{500}
	| nr_of_occurences:4 | rule_score:3200 | last_occurence:5605 | occurences:[2005, 3205, 4405, 5605]
----------------------------------------------------------------------------------------
[attr_3: 1.0{200}, attr_3: 4.0{100}] ==> attr_4: 6.0{300}
	| nr_of_occurences:5 | rule_score:3000 | last_occurence:5999 | occurences:[1203, 2403, 3603, 4803, 5999]
----------------------------------------------------------------------------------------
[attr_3: 1.0{100}, attr_3: 4.0{100}] ==> attr_4: 6.0{400}
	| nr_of_occurences:5 | rule_score:3000 | last_occurence:5999 | occurences:[1203, 2403, 3603, 4803, 5999]
----------------------------------------------------------------------------------------
[attr_3: 1.0{300}, attr_3: 4.0{100}] ==> attr_4: 6.0{200}
	| nr_of_occurences:5 | rule_score:3000 | last_occurence:5999 | occurences:[1203, 2403, 3603, 4803, 5999]
----------------------------------------------------------------------------------------
[attr_3: 1.0{400}, attr_3: 4.0{100}] ==> attr_4: 6.0{100}
	| nr_of_occurences:5 | rule_score:3000 | last_occurence:5999 | occurences:[1203, 2403, 3603, 4803, 5999]
----------------------------------------------------------------------------------------
[attr_3: 4.0{400}] ==> attr_4: 1.0{300}
	| nr_of_occurences:4 | rule_score:2800 | last_occurence:5605 | occurences:[2005, 3205, 4405, 5605]
----------------------------------------------------------------------------------------
[attr_3: 4.0{300}] ==> attr_4: 1.0{400}
	| nr_of_occurences:4 | rule_score:2800 | last_occurence:5605 | occurences:[2005, 3205, 4405, 5605]
----------------------------------------------------------------------------------------
[attr_3: 4.0{100}] ==> attr_4: 1.0{600}
	| nr_of_occurences:4 | rule_score:2800 | last_occurence:5605 | occurences:[2005, 3205, 4405, 5605]
----------------------------------------------------------------------------------------
[attr_3: 4.0{200}] ==> attr_4: 1.0{500}
	| nr_of_occurences:4 | rule_score:2800 | last_occurence:5605 | occurences:[2005, 3205, 4405, 5605]
----------------------------------------------------------------------------------------
[attr_3: 1.0{100}, attr_3: 4.0{100}] ==> attr_4: 6.0{300}
	| nr_of_occurences:5 | rule_score:2500 | last_occurence:5999 | occurences:[1203, 2403, 3603, 4803, 5999]
----------------------------------------------------------------------------------------
[attr_3: 4.0{100}] ==> attr_4: 6.0{400}
	| nr_of_occurences:5 | rule_score:2500 | last_occurence:5999 | occurences:[1203, 2403, 3603, 4803, 5999]
----------------------------------------------------------------------------------------
[attr_3: 1.0{300}, attr_3: 4.0{100}] ==> attr_4: 6.0{100}
	| nr_of_occurences:5 | rule_score:2500 | last_occurence:5999 | occurences:[1203, 2403, 3603, 4803, 5999]
----------------------------------------------------------------------------------------
[attr_3: 1.0{200}, attr_3: 4.0{100}] ==> attr_4: 6.0{200}
	| nr_of_occurences:5 | rule_score:2500 | last_occurence:5999 | occurences:[1203, 2403, 3603, 4803, 5999]
----------------------------------------------------------------------------------------
[attr_3: 4.0{300}] ==> attr_4: 1.0{300}
	| nr_of_occurences:4 | rule_score:2400 | last_occurence:5605 | occurences:[2005, 3205, 4405, 5605]
----------------------------------------------------------------------------------------
[attr_3: 4.0{100}] ==> attr_4: 1.0{500}
	| nr_of_occurences:4 | rule_score:2400 | last_occurence:5605 | occurences:[2005, 3205, 4405, 5605]
----------------------------------------------------------------------------------------
[attr_3: 4.0{200}] ==> attr_4: 1.0{400}
	| nr_of_occurences:4 | rule_score:2400 | last_occurence:5605 | occurences:[2005, 3205, 4405, 5605]
----------------------------------------------------------------------------------------
[attr_3: 4.0{400}] ==> attr_4: 1.0{200}
	| nr_of_occurences:4 | rule_score:2400 | last_occurence:5605 | occurences:[2005, 3205, 4405, 5605]
----------------------------------------------------------------------------------------
[attr_3: 4.0{400}] ==> attr_4: 1.0{100}
	| nr_of_occurences:4 | rule_score:2000 | last_occurence:5605 | occurences:[2005, 3205, 4405, 5605]
----------------------------------------------------------------------------------------
[attr_3: 4.0{300}] ==> attr_4: 1.0{200}
	| nr_of_occurences:4 | rule_score:2000 | last_occurence:5605 | occurences:[2005, 3205, 4405, 5605]
----------------------------------------------------------------------------------------
[attr_3: 1.0{200}, attr_3: 4.0{100}] ==> attr_4: 6.0{100}
	| nr_of_occurences:5 | rule_score:2000 | last_occurence:5999 | occurences:[1203, 2403, 3603, 4803, 5999]
----------------------------------------------------------------------------------------
[attr_3: 1.0{100}, attr_3: 4.0{100}] ==> attr_4: 6.0{200}
	| nr_of_occurences:5 | rule_score:2000 | last_occurence:5999 | occurences:[1203, 2403, 3603, 4803, 5999]
----------------------------------------------------------------------------------------
[attr_3: 4.0{100}] ==> attr_4: 6.0{300}
	| nr_of_occurences:5 | rule_score:2000 | last_occurence:5999 | occurences:[1203, 2403, 3603, 4803, 5999]
----------------------------------------------------------------------------------------
[attr_3: 4.0{100}] ==> attr_4: 1.0{400}
	| nr_of_occurences:4 | rule_score:2000 | last_occurence:5605 | occurences:[2005, 3205, 4405, 5605]
----------------------------------------------------------------------------------------
[attr_3: 4.0{200}] ==> attr_4: 1.0{300}
	| nr_of_occurences:4 | rule_score:2000 | last_occurence:5605 | occurences:[2005, 3205, 4405, 5605]
----------------------------------------------------------------------------------------
[attr_3: 4.0{300}] ==> attr_4: 1.0{100}
	| nr_of_occurences:4 | rule_score:1600 | last_occurence:5605 | occurences:[2005, 3205, 4405, 5605]
----------------------------------------------------------------------------------------
[attr_3: 4.0{100}] ==> attr_4: 1.0{300}
	| nr_of_occurences:4 | rule_score:1600 | last_occurence:5605 | occurences:[2005, 3205, 4405, 5605]
----------------------------------------------------------------------------------------
[attr_3: 4.0{200}] ==> attr_4: 1.0{200}
	| nr_of_occurences:4 | rule_score:1600 | last_occurence:5605 | occurences:[2005, 3205, 4405, 5605]
----------------------------------------------------------------------------------------
[attr_3: 1.0{100}, attr_3: 4.0{100}] ==> attr_4: 6.0{100}
	| nr_of_occurences:5 | rule_score:1500 | last_occurence:5999 | occurences:[1203, 2403, 3603, 4803, 5999]
----------------------------------------------------------------------------------------
[attr_3: 4.0{100}] ==> attr_4: 6.0{200}
	| nr_of_occurences:5 | rule_score:1500 | last_occurence:5999 | occurences:[1203, 2403, 3603, 4803, 5999]
----------------------------------------------------------------------------------------
[attr_3: 4.0{100}] ==> attr_4: 1.0{200}
	| nr_of_occurences:4 | rule_score:1200 | last_occurence:5605 | occurences:[2005, 3205, 4405, 5605]
----------------------------------------------------------------------------------------
[attr_3: 4.0{200}] ==> attr_4: 1.0{100}
	| nr_of_occurences:4 | rule_score:1200 | last_occurence:5605 | occurences:[2005, 3205, 4405, 5605]
----------------------------------------------------------------------------------------
[attr_3: 4.0{100}] ==> attr_4: 6.0{100}
	| nr_of_occurences:5 | rule_score:1000 | last_occurence:5999 | occurences:[1203, 2403, 3603, 4803, 5999]
----------------------------------------------------------------------------------------
[attr_3: 4.0{100}] ==> attr_4: 1.0{100}
	| nr_of_occurences:4 | rule_score:800 | last_occurence:5605 | occurences:[2005, 3205, 4405, 5605]
----------------------------------------------------------------------------------------
----------------------------------------------------------------------------------------
[attr_4: 1.0{800}] ==> attr_4: 6.0{400}
	| nr_of_occurences:5 | rule_score:6000 | last_occurence:5999 | occurences:[1203, 2403, 3603, 4803, 5999]
----------------------------------------------------------------------------------------
[attr_4: 1.0{800}] ==> attr_4: 6.0{300}
	| nr_of_occurences:5 | rule_score:5500 | last_occurence:5999 | occurences:[1203, 2403, 3603, 4803, 5999]
----------------------------------------------------------------------------------------
[attr_4: 1.0{700}] ==> attr_4: 6.0{400}
	| nr_of_occurences:5 | rule_score:5500 | last_occurence:5999 | occurences:[1203, 2403, 3603, 4803, 5999]
----------------------------------------------------------------------------------------
[attr_4: 1.0{600}] ==> attr_4: 6.0{400}
	| nr_of_occurences:5 | rule_score:5000 | last_occurence:5999 | occurences:[1203, 2403, 3603, 4803, 5999]
----------------------------------------------------------------------------------------
[attr_4: 1.0{800}] ==> attr_4: 6.0{200}
	| nr_of_occurences:5 | rule_score:5000 | last_occurence:5999 | occurences:[1203, 2403, 3603, 4803, 5999]
----------------------------------------------------------------------------------------
[attr_4: 1.0{700}] ==> attr_4: 6.0{300}
	| nr_of_occurences:5 | rule_score:5000 | last_occurence:5999 | occurences:[1203, 2403, 3603, 4803, 5999]
----------------------------------------------------------------------------------------
[attr_4: 6.0{400}] ==> attr_4: 1.0{800}
	| nr_of_occurences:4 | rule_score:4800 | last_occurence:5605 | occurences:[2005, 3205, 4405, 5605]
----------------------------------------------------------------------------------------
[attr_4: 1.0{600}] ==> attr_4: 6.0{300}
	| nr_of_occurences:5 | rule_score:4500 | last_occurence:5999 | occurences:[1203, 2403, 3603, 4803, 5999]
----------------------------------------------------------------------------------------
[attr_4: 1.0{500}] ==> attr_4: 6.0{400}
	| nr_of_occurences:5 | rule_score:4500 | last_occurence:5999 | occurences:[1203, 2403, 3603, 4803, 5999]
----------------------------------------------------------------------------------------
[attr_4: 1.0{700}] ==> attr_4: 6.0{200}
	| nr_of_occurences:5 | rule_score:4500 | last_occurence:5999 | occurences:[1203, 2403, 3603, 4803, 5999]
----------------------------------------------------------------------------------------
[attr_4: 1.0{800}] ==> attr_4: 6.0{100}
	| nr_of_occurences:5 | rule_score:4500 | last_occurence:5999 | occurences:[1203, 2403, 3603, 4803, 5999]
----------------------------------------------------------------------------------------
[attr_4: 6.0{300}] ==> attr_4: 1.0{800}
	| nr_of_occurences:4 | rule_score:4400 | last_occurence:5605 | occurences:[2005, 3205, 4405, 5605]
----------------------------------------------------------------------------------------
[attr_4: 6.0{400}] ==> attr_4: 1.0{700}
	| nr_of_occurences:4 | rule_score:4400 | last_occurence:5605 | occurences:[2005, 3205, 4405, 5605]
----------------------------------------------------------------------------------------
[attr_4: 1.0{600}] ==> attr_4: 6.0{200}
	| nr_of_occurences:5 | rule_score:4000 | last_occurence:5999 | occurences:[1203, 2403, 3603, 4803, 5999]
----------------------------------------------------------------------------------------
[attr_4: 1.0{700}] ==> attr_4: 6.0{100}
	| nr_of_occurences:5 | rule_score:4000 | last_occurence:5999 | occurences:[1203, 2403, 3603, 4803, 5999]
----------------------------------------------------------------------------------------
[attr_4: 6.0{200}] ==> attr_4: 1.0{800}
	| nr_of_occurences:4 | rule_score:4000 | last_occurence:5605 | occurences:[2005, 3205, 4405, 5605]
----------------------------------------------------------------------------------------
[attr_4: 1.0{400}] ==> attr_4: 6.0{400}
	| nr_of_occurences:5 | rule_score:4000 | last_occurence:5999 | occurences:[1203, 2403, 3603, 4803, 5999]
----------------------------------------------------------------------------------------
[attr_4: 6.0{300}] ==> attr_4: 1.0{700}
	| nr_of_occurences:4 | rule_score:4000 | last_occurence:5605 | occurences:[2005, 3205, 4405, 5605]
----------------------------------------------------------------------------------------
[attr_4: 6.0{400}] ==> attr_4: 1.0{600}
	| nr_of_occurences:4 | rule_score:4000 | last_occurence:5605 | occurences:[2005, 3205, 4405, 5605]
----------------------------------------------------------------------------------------
[attr_4: 1.0{500}] ==> attr_4: 6.0{300}
	| nr_of_occurences:5 | rule_score:4000 | last_occurence:5999 | occurences:[1203, 2403, 3603, 4803, 5999]
----------------------------------------------------------------------------------------
[attr_4: 6.0{200}] ==> attr_4: 1.0{700}
	| nr_of_occurences:4 | rule_score:3600 | last_occurence:5605 | occurences:[2005, 3205, 4405, 5605]
----------------------------------------------------------------------------------------
[attr_4: 6.0{100}] ==> attr_4: 1.0{800}
	| nr_of_occurences:4 | rule_score:3600 | last_occurence:5605 | occurences:[2005, 3205, 4405, 5605]
----------------------------------------------------------------------------------------
[attr_4: 6.0{300}] ==> attr_4: 1.0{600}
	| nr_of_occurences:4 | rule_score:3600 | last_occurence:5605 | occurences:[2005, 3205, 4405, 5605]
----------------------------------------------------------------------------------------
[attr_4: 6.0{400}] ==> attr_4: 1.0{500}
	| nr_of_occurences:4 | rule_score:3600 | last_occurence:5605 | occurences:[2005, 3205, 4405, 5605]
----------------------------------------------------------------------------------------
[attr_4: 1.0{600}] ==> attr_4: 6.0{100}
	| nr_of_occurences:5 | rule_score:3500 | last_occurence:5999 | occurences:[1203, 2403, 3603, 4803, 5999]
----------------------------------------------------------------------------------------
[attr_4: 1.0{400}] ==> attr_4: 6.0{300}
	| nr_of_occurences:5 | rule_score:3500 | last_occurence:5999 | occurences:[1203, 2403, 3603, 4803, 5999]
----------------------------------------------------------------------------------------
[attr_4: 1.0{300}] ==> attr_4: 6.0{400}
	| nr_of_occurences:5 | rule_score:3500 | last_occurence:5999 | occurences:[1203, 2403, 3603, 4803, 5999]
----------------------------------------------------------------------------------------
[attr_4: 1.0{500}] ==> attr_4: 6.0{200}
	| nr_of_occurences:5 | rule_score:3500 | last_occurence:5999 | occurences:[1203, 2403, 3603, 4803, 5999]
----------------------------------------------------------------------------------------
[attr_4: 6.0{200}] ==> attr_4: 1.0{600}
	| nr_of_occurences:4 | rule_score:3200 | last_occurence:5605 | occurences:[2005, 3205, 4405, 5605]
----------------------------------------------------------------------------------------
[attr_4: 6.0{400}] ==> attr_4: 1.0{400}
	| nr_of_occurences:4 | rule_score:3200 | last_occurence:5605 | occurences:[2005, 3205, 4405, 5605]
----------------------------------------------------------------------------------------
[attr_4: 6.0{100}] ==> attr_4: 1.0{700}
	| nr_of_occurences:4 | rule_score:3200 | last_occurence:5605 | occurences:[2005, 3205, 4405, 5605]
----------------------------------------------------------------------------------------
[attr_4: 6.0{300}] ==> attr_4: 1.0{500}
	| nr_of_occurences:4 | rule_score:3200 | last_occurence:5605 | occurences:[2005, 3205, 4405, 5605]
----------------------------------------------------------------------------------------
[attr_4: 1.0{500}] ==> attr_4: 6.0{100}
	| nr_of_occurences:5 | rule_score:3000 | last_occurence:5999 | occurences:[1203, 2403, 3603, 4803, 5999]
----------------------------------------------------------------------------------------
[attr_4: 1.0{200}] ==> attr_4: 6.0{400}
	| nr_of_occurences:5 | rule_score:3000 | last_occurence:5999 | occurences:[1203, 2403, 3603, 4803, 5999]
----------------------------------------------------------------------------------------
[attr_4: 1.0{300}] ==> attr_4: 6.0{300}
	| nr_of_occurences:5 | rule_score:3000 | last_occurence:5999 | occurences:[1203, 2403, 3603, 4803, 5999]
----------------------------------------------------------------------------------------
[attr_4: 1.0{400}] ==> attr_4: 6.0{200}
	| nr_of_occurences:5 | rule_score:3000 | last_occurence:5999 | occurences:[1203, 2403, 3603, 4803, 5999]
----------------------------------------------------------------------------------------
[attr_4: 6.0{400}] ==> attr_4: 1.0{300}
	| nr_of_occurences:4 | rule_score:2800 | last_occurence:5605 | occurences:[2005, 3205, 4405, 5605]
----------------------------------------------------------------------------------------
[attr_4: 6.0{200}] ==> attr_4: 1.0{500}
	| nr_of_occurences:4 | rule_score:2800 | last_occurence:5605 | occurences:[2005, 3205, 4405, 5605]
----------------------------------------------------------------------------------------
[attr_4: 6.0{300}] ==> attr_4: 1.0{400}
	| nr_of_occurences:4 | rule_score:2800 | last_occurence:5605 | occurences:[2005, 3205, 4405, 5605]
----------------------------------------------------------------------------------------
[attr_4: 6.0{100}] ==> attr_4: 1.0{600}
	| nr_of_occurences:4 | rule_score:2800 | last_occurence:5605 | occurences:[2005, 3205, 4405, 5605]
----------------------------------------------------------------------------------------
[attr_4: 1.0{200}] ==> attr_4: 6.0{300}
	| nr_of_occurences:5 | rule_score:2500 | last_occurence:5999 | occurences:[1203, 2403, 3603, 4803, 5999]
----------------------------------------------------------------------------------------
[attr_4: 1.0{300}] ==> attr_4: 6.0{200}
	| nr_of_occurences:5 | rule_score:2500 | last_occurence:5999 | occurences:[1203, 2403, 3603, 4803, 5999]
----------------------------------------------------------------------------------------
[attr_4: 1.0{400}] ==> attr_4: 6.0{100}
	| nr_of_occurences:5 | rule_score:2500 | last_occurence:5999 | occurences:[1203, 2403, 3603, 4803, 5999]
----------------------------------------------------------------------------------------
[attr_4: 1.0{100}] ==> attr_4: 6.0{400}
	| nr_of_occurences:5 | rule_score:2500 | last_occurence:5999 | occurences:[1203, 2403, 3603, 4803, 5999]
----------------------------------------------------------------------------------------
[attr_4: 6.0{200}] ==> attr_4: 1.0{400}
	| nr_of_occurences:4 | rule_score:2400 | last_occurence:5605 | occurences:[2005, 3205, 4405, 5605]
----------------------------------------------------------------------------------------
[attr_4: 6.0{100}] ==> attr_4: 1.0{500}
	| nr_of_occurences:4 | rule_score:2400 | last_occurence:5605 | occurences:[2005, 3205, 4405, 5605]
----------------------------------------------------------------------------------------
[attr_4: 6.0{400}] ==> attr_4: 1.0{200}
	| nr_of_occurences:4 | rule_score:2400 | last_occurence:5605 | occurences:[2005, 3205, 4405, 5605]
----------------------------------------------------------------------------------------
[attr_4: 6.0{300}] ==> attr_4: 1.0{300}
	| nr_of_occurences:4 | rule_score:2400 | last_occurence:5605 | occurences:[2005, 3205, 4405, 5605]
----------------------------------------------------------------------------------------
[attr_4: 1.0{200}] ==> attr_4: 6.0{200}
	| nr_of_occurences:5 | rule_score:2000 | last_occurence:5999 | occurences:[1203, 2403, 3603, 4803, 5999]
----------------------------------------------------------------------------------------
[attr_4: 6.0{100}] ==> attr_4: 1.0{400}
	| nr_of_occurences:4 | rule_score:2000 | last_occurence:5605 | occurences:[2005, 3205, 4405, 5605]
----------------------------------------------------------------------------------------
[attr_4: 6.0{200}] ==> attr_4: 1.0{300}
	| nr_of_occurences:4 | rule_score:2000 | last_occurence:5605 | occurences:[2005, 3205, 4405, 5605]
----------------------------------------------------------------------------------------
[attr_4: 1.0{300}] ==> attr_4: 6.0{100}
	| nr_of_occurences:5 | rule_score:2000 | last_occurence:5999 | occurences:[1203, 2403, 3603, 4803, 5999]
----------------------------------------------------------------------------------------
[attr_4: 6.0{400}] ==> attr_4: 1.0{100}
	| nr_of_occurences:4 | rule_score:2000 | last_occurence:5605 | occurences:[2005, 3205, 4405, 5605]
----------------------------------------------------------------------------------------
[attr_4: 6.0{300}] ==> attr_4: 1.0{200}
	| nr_of_occurences:4 | rule_score:2000 | last_occurence:5605 | occurences:[2005, 3205, 4405, 5605]
----------------------------------------------------------------------------------------
[attr_4: 1.0{100}] ==> attr_4: 6.0{300}
	| nr_of_occurences:5 | rule_score:2000 | last_occurence:5999 | occurences:[1203, 2403, 3603, 4803, 5999]
----------------------------------------------------------------------------------------
[attr_4: 6.0{100}] ==> attr_4: 1.0{300}
	| nr_of_occurences:4 | rule_score:1600 | last_occurence:5605 | occurences:[2005, 3205, 4405, 5605]
----------------------------------------------------------------------------------------
[attr_4: 6.0{200}] ==> attr_4: 1.0{200}
	| nr_of_occurences:4 | rule_score:1600 | last_occurence:5605 | occurences:[2005, 3205, 4405, 5605]
----------------------------------------------------------------------------------------
[attr_4: 6.0{300}] ==> attr_4: 1.0{100}
	| nr_of_occurences:4 | rule_score:1600 | last_occurence:5605 | occurences:[2005, 3205, 4405, 5605]
----------------------------------------------------------------------------------------
[attr_4: 1.0{200}] ==> attr_4: 6.0{100}
	| nr_of_occurences:5 | rule_score:1500 | last_occurence:5999 | occurences:[1203, 2403, 3603, 4803, 5999]
----------------------------------------------------------------------------------------
[attr_4: 1.0{100}] ==> attr_4: 6.0{200}
	| nr_of_occurences:5 | rule_score:1500 | last_occurence:5999 | occurences:[1203, 2403, 3603, 4803, 5999]
----------------------------------------------------------------------------------------
[attr_4: 6.0{200}] ==> attr_4: 1.0{100}
	| nr_of_occurences:4 | rule_score:1200 | last_occurence:5605 | occurences:[2005, 3205, 4405, 5605]
----------------------------------------------------------------------------------------
[attr_4: 6.0{100}] ==> attr_4: 1.0{200}
	| nr_of_occurences:4 | rule_score:1200 | last_occurence:5605 | occurences:[2005, 3205, 4405, 5605]
----------------------------------------------------------------------------------------
[attr_4: 1.0{100}] ==> attr_4: 6.0{100}
